{"method": "bo-pip", "scenario": "cold", "label": "r1", "stamp": "20260928-230248", "rc": 0, "ok": true, "total": 325.85, "steps": {"bootstrap": 8.3, "buildout": 317.54}, "ndists": 358, "install_bytes": 514781184, "cache_bytes": 24887296, "log": "logs/20260928-230248-bo-pip-cold.log"}
{"method": "bo-uv", "scenario": "cold", "label": "r1", "stamp": "20260928-230942", "rc": 0, "ok": true, "total": 72.36, "steps": {"bootstrap": 8.69, "buildout": 63.65}, "ndists": 358, "install_bytes": 439685120, "cache_bytes": 445341696, "log": "logs/20260928-230942-bo-uv-cold.log"}
{"method": "mx", "scenario": "cold", "label": "r1", "stamp": "20260928-231231", "rc": 0, "ok": true, "total": 52.17, "steps": {"make install": 52.16}, "ndists": 349, "install_bytes": 389722112, "cache_bytes": 444215296, "log": "logs/20260928-231231-mx-cold.log"}
{"method": "bo-pip", "scenario": "cold", "label": "r2", "stamp": "20260928-231426", "rc": 0, "ok": true, "total": 309.55, "steps": {"bootstrap": 8.26, "buildout": 301.28}, "ndists": 358, "install_bytes": 514781184, "cache_bytes": 24887296, "log": "logs/20260928-231426-bo-pip-cold.log"}
{"method": "bo-uv", "scenario": "cold", "label": "r2", "stamp": "20260928-232104", "rc": 0, "ok": true, "total": 77.62, "steps": {"bootstrap": 7.97, "buildout": 69.64}, "ndists": 358, "install_bytes": 439685120, "cache_bytes": 445341696, "log": "logs/20260928-232104-bo-uv-cold.log"}
{"method": "mx", "scenario": "cold", "label": "r2", "stamp": "20260928-232350", "rc": 0, "ok": true, "total": 50.9, "steps": {"make install": 50.9}, "ndists": 349, "install_bytes": 389722112, "cache_bytes": 444215296, "log": "logs/20260928-232350-mx-cold.log"}
{"method": "bo-pip", "scenario": "warm", "label": "r1", "stamp": "20260928-232547", "rc": 0, "ok": true, "total": 313.35, "steps": {"bootstrap": 5.57, "buildout": 307.77}, "ndists": 358, "install_bytes": 514781184, "cache_bytes": 24936448, "log": "logs/20260928-232547-bo-pip-warm.log"}
{"method": "bo-pip", "scenario": "noop", "label": "r1", "stamp": "20260928-233102", "rc": 0, "ok": true, "total": 10.6, "steps": {"buildout": 10.6}, "ndists": 358, "install_bytes": 516489216, "cache_bytes": 24936448, "log": "logs/20260928-233102-bo-pip-noop.log"}
{"method": "bo-uv", "scenario": "warm", "label": "r1", "stamp": "20260928-233222", "rc": 0, "ok": true, "total": 46.04, "steps": {"bootstrap": 5.53, "buildout": 40.51}, "ndists": 358, "install_bytes": 439685120, "cache_bytes": 445833216, "log": "logs/20260928-233222-bo-uv-warm.log"}
{"method": "bo-uv", "scenario": "noop", "label": "r1", "stamp": "20260928-233308", "rc": 0, "ok": true, "total": 10.21, "steps": {"buildout": 10.21}, "ndists": 358, "install_bytes": 441442304, "cache_bytes": 445833216, "log": "logs/20260928-233308-bo-uv-noop.log"}
{"method": "mx", "scenario": "warm", "label": "r1", "stamp": "20260928-233428", "rc": 0, "ok": true, "total": 28.54, "steps": {"make install": 28.54}, "ndists": 349, "install_bytes": 389722112, "cache_bytes": 444690432, "log": "logs/20260928-233428-mx-warm.log"}
{"method": "mx", "scenario": "noop", "label": "r1", "stamp": "20260928-233456", "rc": 0, "ok": true, "total": 0.21, "steps": {"make install": 0.21}, "ndists": 349, "install_bytes": 389722112, "cache_bytes": 444690432, "log": "logs/20260928-233456-mx-noop.log"}
{"method": "bo-pip", "scenario": "warm", "label": "r2", "stamp": "20260928-233600", "rc": 0, "ok": true, "total": 303.35, "steps": {"bootstrap": 5.49, "buildout": 297.85}, "ndists": 358, "install_bytes": 514781184, "cache_bytes": 24985600, "log": "logs/20260928-233600-bo-pip-warm.log"}
{"method": "bo-pip", "scenario": "noop", "label": "r2", "stamp": "20260928-234105", "rc": 0, "ok": true, "total": 10.22, "steps": {"buildout": 10.22}, "ndists": 358, "install_bytes": 516489216, "cache_bytes": 24985600, "log": "logs/20260928-234105-bo-pip-noop.log"}
{"method": "bo-uv", "scenario": "warm", "label": "r2", "stamp": "20260928-234226", "rc": 0, "ok": true, "total": 49.17, "steps": {"bootstrap": 6.53, "buildout": 42.64}, "ndists": 358, "install_bytes": 439685120, "cache_bytes": 446328832, "log": "logs/20260928-234226-bo-uv-warm.log"}
{"method": "bo-uv", "scenario": "noop", "label": "r2", "stamp": "20260928-234316", "rc": 0, "ok": true, "total": 10.11, "steps": {"buildout": 10.11}, "ndists": 358, "install_bytes": 441442304, "cache_bytes": 446328832, "log": "logs/20260928-234316-bo-uv-noop.log"}
{"method": "mx", "scenario": "warm", "label": "r2", "stamp": "20260928-234435", "rc": 0, "ok": true, "total": 30.17, "steps": {"make install": 30.17}, "ndists": 349, "install_bytes": 389722112, "cache_bytes": 445165568, "log": "logs/20260928-234435-mx-warm.log"}
{"method": "mx", "scenario": "noop", "label": "r2", "stamp": "20260928-234506", "rc": 0, "ok": true, "total": 0.27, "steps": {"make install": 0.27}, "ndists": 349, "install_bytes": 389722112, "cache_bytes": 445165568, "log": "logs/20260928-234506-mx-noop.log"}
{"method": "bo-pip", "scenario": "warm", "label": "r3", "stamp": "20260928-234608", "rc": 0, "ok": true, "total": 299.21, "steps": {"bootstrap": 5.48, "buildout": 293.73}, "ndists": 358, "install_bytes": 514781184, "cache_bytes": 25034752, "log": "logs/20260928-234608-bo-pip-warm.log"}
{"method": "bo-pip", "scenario": "noop", "label": "r3", "stamp": "20260928-235108", "rc": 0, "ok": true, "total": 10.42, "steps": {"buildout": 10.42}, "ndists": 358, "install_bytes": 516489216, "cache_bytes": 25034752, "log": "logs/20260928-235108-bo-pip-noop.log"}
{"method": "bo-uv", "scenario": "warm", "label": "r3", "stamp": "20260928-235228", "rc": 0, "ok": true, "total": 43.77, "steps": {"bootstrap": 5.73, "buildout": 38.04}, "ndists": 358, "install_bytes": 439685120, "cache_bytes": 446824448, "log": "logs/20260928-235228-bo-uv-warm.log"}
{"method": "bo-uv", "scenario": "noop", "label": "r3", "stamp": "20260928-235312", "rc": 0, "ok": true, "total": 9.81, "steps": {"buildout": 9.81}, "ndists": 358, "install_bytes": 441442304, "cache_bytes": 446824448, "log": "logs/20260928-235312-bo-uv-noop.log"}
{"method": "mx", "scenario": "warm", "label": "r3", "stamp": "20260928-235431", "rc": 0, "ok": true, "total": 26.42, "steps": {"make install": 26.42}, "ndists": 349, "install_bytes": 389722112, "cache_bytes": 445640704, "log": "logs/20260928-235431-mx-warm.log"}
{"method": "mx", "scenario": "noop", "label": "r3", "stamp": "20260928-235458", "rc": 0, "ok": true, "total": 0.31, "steps": {"make install": 0.31}, "ndists": 349, "install_bytes": 389722112, "cache_bytes": 445640704, "log": "logs/20260928-235458-mx-noop.log"}
MATRIX DONE
