
$ <python3.13> -m venv .venv
# exit 0 after 1.42s

$ .venv/bin/pip install pip==26.2.1 setuptools==81.0.0 wheel==0.48.0 horse-with-no-namespace==20260202.0 zc.buildout==5.3.0a1 uv==0.12.19
[    1.97] Collecting pip==26.2.1
[    1.97]   Using cached pip-26.2.1-py3-none-any.whl.metadata (4.6 kB)
[    2.04] Collecting setuptools==81.0.0
[    2.04]   Using cached setuptools-81.0.0-py3-none-any.whl.metadata (6.6 kB)
[    2.07] Collecting wheel==0.48.0
[    2.07]   Using cached wheel-0.48.0-py3-none-any.whl.metadata (2.3 kB)
[    2.10] Collecting horse-with-no-namespace==20260202.0
[    2.10]   Using cached horse_with_no_namespace-20260202.0-py3-none-any.whl.metadata (4.6 kB)
[    2.13] Collecting zc.buildout==5.3.0a1
[    2.13]   Using cached zc_buildout-5.3.0a1-py3-none-any.whl.metadata (26 kB)
[    2.29] Collecting uv==0.12.19
[    2.29]   Using cached uv-0.12.19-py3-none-macosx_11_0_arm64.whl.metadata (11 kB)
[    2.32] Collecting packaging>=24.0 (from wheel==0.48.0)
[    2.32]   Using cached packaging-26.3-py3-none-any.whl.metadata (3.5 kB)
[    2.35] Using cached pip-26.2.1-py3-none-any.whl (1.8 MB)
[    2.39] Using cached setuptools-81.0.0-py3-none-any.whl (1.1 MB)
[    2.42] Using cached wheel-0.48.0-py3-none-any.whl (33 kB)
[    2.42] Using cached horse_with_no_namespace-20260202.0-py3-none-any.whl (6.2 kB)
[    2.42] Using cached zc_buildout-5.3.0a1-py3-none-any.whl (418 kB)
[    2.44] Using cached uv-0.12.19-py3-none-macosx_11_0_arm64.whl (17.1 MB)
[    2.86] Using cached packaging-26.3-py3-none-any.whl (129 kB)
[    2.89] Installing collected packages: uv, setuptools, pip, packaging, horse-with-no-namespace, wheel, zc.buildout
[    4.35]   Attempting uninstall: pip
[    4.35]     Found existing installation: pip 25.2
[    4.36]     Uninstalling pip-25.2:
[    4.37]       Successfully uninstalled pip-25.2
[    5.34] 
[    5.34] Successfully installed horse-with-no-namespace-20260202.0 packaging-26.3 pip-26.2.1 setuptools-81.0.0 uv-0.12.19 wheel-0.48.0 zc.buildout-5.3.0a1
# exit 0 after 3.97s

$ .venv/bin/buildout buildout:installer=uv buildout:eggs-directory=<bench>/caches/bo-uv/eggs versions:zc.buildout=5.3.0a1 versions:uv=0.12.19 versions:httpcore=1.0.9 versions:grpcio=1.81.0 versions:grpcio-tools=1.81.0 versions:protobuf=6.33.6
[    5.62] <string>:1: UserWarning: 🐎 This Python ([1m<bench>/runs/bo-uv/.venv/bin/python3.13[0m) uses horse-with-no-namespace to make the following pkg_resources namespace packages compatible with PEP 420 namespace packages:
[    5.62]   
[    5.68] <bench>/runs/bo-uv/.venv/lib/python3.13/site-packages/horse_with_no_namespace/pkg_resources.py:54: UserWarning: pkg_resources is deprecated as an API. See https://setuptools.pypa.io/en/latest/pkg_resources.html. The pkg_resources package is slated for removal as early as 2025-11-30. Refrain from using this package or pin to Setuptools<81.
[    5.68]   import pkg_resources
[    6.22] optional-extends file not found: local.cfg
[    6.22] With installer = uv, credentials in ~/.pypirc are not used; uv reads them from ~/.netrc instead.
[    6.22] With installer = uv, the allow-hosts option is not enforced: uv has no host allow-list (its --allow-insecure-host flag is TLS policy, not filtering).
[    6.58] mr.developer: Queued 'Plone' for checkout.
[    6.86] mr.developer: Queued 'Products.CMFPlone' for checkout.
[    7.03] mr.developer: Queued 'mockup' for checkout.
[    8.46] mr.developer: Queued 'plone.app.locales' for checkout.
[    8.55] mr.developer: Queued 'plone.app.upgrade' for checkout.
[    9.47] mr.developer: Queued 'plone.restapi' for checkout.
[   10.63] mr.developer: Updated 'Plone' with git.
[   10.63] mr.developer: Switching to branch '6.2.x'.
[   10.66] mr.developer: Updated 'plone.app.upgrade' with git.
[   10.66] mr.developer: Switching to branch 'master'.
[   11.09] mr.developer: Updated 'mockup' with git.
[   11.09] mr.developer: Switching to branch '5.6.x'.
[   11.11] mr.developer: Updated 'plone.app.locales' with git.
[   11.11] mr.developer: Switching to branch 'master'.
[   11.31] mr.developer: Updated 'Products.CMFPlone' with git.
[   11.31] mr.developer: Switching to branch '6.2.x'.
[   11.74] mr.developer: Updated 'plone.restapi' with git.
[   11.74] mr.developer: Switching to branch 'main'.
[   11.79] Creating directory '<bench>/runs/bo-uv/bin'.
[   11.79] Creating directory '<bench>/runs/bo-uv/parts'.
[   11.79] Creating directory '<bench>/runs/bo-uv/develop-eggs'.
[   11.84] Develop: '<bench>/runs/bo-uv/src/Plone'
[   12.92] Develop: '<bench>/runs/bo-uv/src/plone.app.locales'
[   14.15] Develop: '<bench>/runs/bo-uv/src/plone.app.upgrade'
[   14.89] Develop: '<bench>/runs/bo-uv/src/plone.restapi'
[   15.70] Develop: '<bench>/runs/bo-uv/src/Products.CMFPlone'
[   16.60] <bench>/runs/bo-uv/.venv/lib/python3.13/site-packages/zc/buildout/easy_install.py:1927: UserWarning: Module zc was already imported from None, but <bench>/caches/bo-uv/eggs/v5/zc.recipe.egg-4.0.0-py3.13-macosx-26.6-arm64.egg is being added to sys.path
[   16.60]   ws.add(dist)
[   16.65] <bench>/runs/bo-uv/.venv/lib/python3.13/site-packages/zc/buildout/easy_install.py:1927: UserWarning: Module plone was already imported from None, but <bench>/caches/bo-uv/eggs/v5/plone.recipe.zope2instance-9.1.0-py3.13-macosx-26.6-arm64.egg is being added to sys.path
[   16.65]   ws.add(dist)
[   16.68] <bench>/runs/bo-uv/.venv/lib/python3.13/site-packages/zc/buildout/easy_install.py:1887: UserWarning: Module zc was already imported from None, but <bench>/caches/bo-uv/eggs/v5/zc.lockfile-4.0-py3.13-macosx-26.6-arm64.egg is being added to sys.path
[   16.68]   ws.add(dist)
[   16.90] <bench>/runs/bo-uv/.venv/lib/python3.13/site-packages/zc/buildout/easy_install.py:1927: UserWarning: Module zc was already imported from None, but <bench>/caches/bo-uv/eggs/v5/zc.recipe.testrunner-4.2.post1-py3.13-macosx-26.6-arm64.egg is being added to sys.path
[   16.90]   ws.add(dist)
[   17.77] Installing _mr.developer.
[   17.82] Generated script '<bench>/runs/bo-uv/bin/develop'.
[   17.82] Installing instance.
[   18.37] Generated script '<bench>/runs/bo-uv/bin/instance'.
[   18.37] Generated interpreter '<bench>/runs/bo-uv/parts/instance/bin/interpreter'.
[   18.73] Generated script '<bench>/runs/bo-uv/bin/zodbverify'.
[   18.73] Installing test.
[   19.56] Generated script '<bench>/runs/bo-uv/bin/test'.
[   19.56] Installing instance-cmfplone.
[   19.88] Generated script '<bench>/runs/bo-uv/bin/instance-cmfplone'.
[   19.88] Generated interpreter '<bench>/runs/bo-uv/parts/instance-cmfplone/bin/interpreter'.
[   20.17] Installing robot.
[   20.76] Generated script '<bench>/runs/bo-uv/bin/ride'.
[   20.76] Generated script '<bench>/runs/bo-uv/bin/robot'.
[   20.76] Generated script '<bench>/runs/bo-uv/bin/robot-debug'.
[   20.76] Generated script '<bench>/runs/bo-uv/bin/robot-server'.
[   20.77] Generated script '<bench>/runs/bo-uv/bin/rfbrowser'.
[   20.77] Installing zopescripts.
[   21.11] Generated script '<bench>/runs/bo-uv/bin/addzopeuser'.
[   21.11] Generated script '<bench>/runs/bo-uv/bin/mkwsgiinstance'.
[   21.11] Generated script '<bench>/runs/bo-uv/bin/runwsgi'.
[   21.11] Generated script '<bench>/runs/bo-uv/bin/zconsole'.
[   21.11] Generated script '<bench>/runs/bo-uv/bin/zodbverify'.
[   21.11] Installing zopepy.
[   21.65] Generated script '<bench>/runs/bo-uv/bin/plone-register-flags'.
[   21.65] Generated script '<bench>/runs/bo-uv/bin/plone-register-icons'.
[   21.65] Generated interpreter '<bench>/runs/bo-uv/bin/zopepy'.
[   21.65] Installing packages.
[   21.66] packages: (While processing egg five.customerize) Package 'five' is zipped.  Skipping.
[   21.66] packages: (While processing egg plone.alterego) Package 'plone' is zipped.  Skipping.
[   21.66] packages: (While processing egg plone.api) Package 'plone' is zipped.  Skipping.
[   21.66] packages: (While processing egg plone.app.caching) Package 'plone/app' is zipped.  Skipping.
[   21.66] packages: (While processing egg plone.app.caching) Package 'plone' is zipped.  Skipping.
[   21.66] packages: (While processing egg plone.app.content) Package 'plone/app' is zipped.  Skipping.
[   21.66] packages: (While processing egg plone.app.content) Package 'plone' is zipped.  Skipping.
[   21.66] packages: (While processing egg plone.app.contentlisting) Package 'plone/app' is zipped.  Skipping.
[   21.66] packages: (While processing egg plone.app.contentlisting) Package 'plone' is zipped.  Skipping.
[   21.66] packages: (While processing egg plone.app.contentmenu) Package 'plone/app' is zipped.  Skipping.
[   21.66] packages: (While processing egg plone.app.contentmenu) Package 'plone' is zipped.  Skipping.
[   21.66] packages: (While processing egg plone.app.contentrules) Package 'plone/app' is zipped.  Skipping.
[   21.66] packages: (While processing egg plone.app.contentrules) Package 'plone' is zipped.  Skipping.
[   21.66] packages: (While processing egg plone.app.contenttypes) Package 'plone/app' is zipped.  Skipping.
[   21.66] packages: (While processing egg plone.app.contenttypes) Package 'plone' is zipped.  Skipping.
[   21.67] packages: (While processing egg plone.app.customerize) Package 'plone/app' is zipped.  Skipping.
[   21.67] packages: (While processing egg plone.app.customerize) Package 'plone' is zipped.  Skipping.
[   21.67] packages: (While processing egg plone.app.dexterity) Package 'plone/app' is zipped.  Skipping.
[   21.67] packages: (While processing egg plone.app.dexterity) Package 'plone' is zipped.  Skipping.
[   21.67] packages: (While processing egg plone.app.discussion) Package 'plone/app' is zipped.  Skipping.
[   21.67] packages: (While processing egg plone.app.discussion) Package 'plone' is zipped.  Skipping.
[   21.67] packages: (While processing egg plone.app.event) Package 'plone/app' is zipped.  Skipping.
[   21.67] packages: (While processing egg plone.app.event) Package 'plone' is zipped.  Skipping.
[   21.67] packages: (While processing egg plone.app.i18n) Package 'plone/app' is zipped.  Skipping.
[   21.67] packages: (While processing egg plone.app.i18n) Package 'plone' is zipped.  Skipping.
[   21.67] packages: (While processing egg plone.app.intid) Package 'plone/app' is zipped.  Skipping.
[   21.67] packages: (While processing egg plone.app.intid) Package 'plone' is zipped.  Skipping.
[   21.67] packages: (While processing egg plone.app.iterate) Package 'plone/app' is zipped.  Skipping.
[   21.67] packages: (While processing egg plone.app.iterate) Package 'plone' is zipped.  Skipping.
[   21.67] packages: (While processing egg plone.app.layout) Package 'plone/app' is zipped.  Skipping.
[   21.67] packages: (While processing egg plone.app.layout) Package 'plone' is zipped.  Skipping.
[   21.67] packages: (While processing egg plone.app.linkintegrity) Package 'plone/app' is zipped.  Skipping.
[   21.67] packages: (While processing egg plone.app.linkintegrity) Package 'plone' is zipped.  Skipping.
[   21.67] packages: (While processing egg plone.app.lockingbehavior) Package 'plone/app' is zipped.  Skipping.
[   21.67] packages: (While processing egg plone.app.lockingbehavior) Package 'plone' is zipped.  Skipping.
[   21.67] packages: (While processing egg plone.app.multilingual) Package 'plone/app' is zipped.  Skipping.
[   21.67] packages: (While processing egg plone.app.multilingual) Package 'plone' is zipped.  Skipping.
[   21.67] packages: (While processing egg plone.app.portlets) Package 'plone/app' is zipped.  Skipping.
[   21.67] packages: (While processing egg plone.app.portlets) Package 'plone' is zipped.  Skipping.
[   21.67] packages: (While processing egg plone.app.querystring) Package 'plone/app' is zipped.  Skipping.
[   21.67] packages: (While processing egg plone.app.querystring) Package 'plone' is zipped.  Skipping.
[   21.67] packages: (While processing egg plone.app.redirector) Package 'plone/app' is zipped.  Skipping.
[   21.67] packages: (While processing egg plone.app.redirector) Package 'plone' is zipped.  Skipping.
[   21.68] packages: (While processing egg plone.app.registry) Package 'plone/app' is zipped.  Skipping.
[   21.68] packages: (While processing egg plone.app.registry) Package 'plone' is zipped.  Skipping.
[   21.68] packages: (While processing egg plone.app.relationfield) Package 'plone/app' is zipped.  Skipping.
[   21.68] packages: (While processing egg plone.app.relationfield) Package 'plone' is zipped.  Skipping.
[   21.68] packages: (While processing egg plone.app.testing) Package 'plone/app' is zipped.  Skipping.
[   21.68] packages: (While processing egg plone.app.testing) Package 'plone' is zipped.  Skipping.
[   21.68] packages: (While processing egg plone.app.textfield) Package 'plone/app' is zipped.  Skipping.
[   21.68] packages: (While processing egg plone.app.textfield) Package 'plone' is zipped.  Skipping.
[   21.68] packages: (While processing egg plone.app.theming) Package 'plone/app' is zipped.  Skipping.
[   21.68] packages: (While processing egg plone.app.theming) Package 'plone' is zipped.  Skipping.
[   21.68] packages: (While processing egg plone.app.users) Package 'plone/app' is zipped.  Skipping.
[   21.68] packages: (While processing egg plone.app.users) Package 'plone' is zipped.  Skipping.
[   21.68] packages: (While processing egg plone.app.uuid) Package 'plone/app' is zipped.  Skipping.
[   21.68] packages: (While processing egg plone.app.uuid) Package 'plone' is zipped.  Skipping.
[   21.68] packages: (While processing egg plone.app.versioningbehavior) Package 'plone/app' is zipped.  Skipping.
[   21.68] packages: (While processing egg plone.app.versioningbehavior) Package 'plone' is zipped.  Skipping.
[   21.68] packages: (While processing egg plone.app.viewletmanager) Package 'plone/app' is zipped.  Skipping.
[   21.68] packages: (While processing egg plone.app.viewletmanager) Package 'plone' is zipped.  Skipping.
[   21.68] packages: (While processing egg plone.app.vocabularies) Package 'plone/app' is zipped.  Skipping.
[   21.68] packages: (While processing egg plone.app.vocabularies) Package 'plone' is zipped.  Skipping.
[   21.68] packages: (While processing egg plone.app.widgets) Package 'plone/app' is zipped.  Skipping.
[   21.68] packages: (While processing egg plone.app.widgets) Package 'plone' is zipped.  Skipping.
[   21.68] packages: (While processing egg plone.app.workflow) Package 'plone/app' is zipped.  Skipping.
[   21.68] packages: (While processing egg plone.app.workflow) Package 'plone' is zipped.  Skipping.
[   21.68] packages: (While processing egg plone.app.z3cform) Package 'plone/app' is zipped.  Skipping.
[   21.68] packages: (While processing egg plone.app.z3cform) Package 'plone' is zipped.  Skipping.
[   21.68] packages: (While processing egg plone.autoform) Package 'plone' is zipped.  Skipping.
[   21.69] packages: (While processing egg plone.batching) Package 'plone' is zipped.  Skipping.
[   21.69] packages: (While processing egg plone.behavior) Package 'plone' is zipped.  Skipping.
[   21.69] packages: (While processing egg plone.base) Package 'plone' is zipped.  Skipping.
[   21.69] packages: (While processing egg plone.browserlayer) Package 'plone' is zipped.  Skipping.
[   21.69] packages: (While processing egg plone.cachepurging) Package 'plone' is zipped.  Skipping.
[   21.69] packages: (While processing egg plone.caching) Package 'plone' is zipped.  Skipping.
[   21.69] packages: (While processing egg plone.classicui) Package 'plone' is zipped.  Skipping.
[   21.69] packages: (While processing egg plone.contentrules) Package 'plone' is zipped.  Skipping.
[   21.69] packages: (While processing egg plone.dexterity) Package 'plone' is zipped.  Skipping.
[   21.69] packages: (While processing egg plone.distribution) Package 'plone' is zipped.  Skipping.
[   21.69] packages: (While processing egg plone.event) Package 'plone' is zipped.  Skipping.
[   21.69] packages: (While processing egg plone.exportimport) Package 'plone' is zipped.  Skipping.
[   21.69] packages: (While processing egg plone.folder) Package 'plone' is zipped.  Skipping.
[   21.69] packages: (While processing egg plone.formwidget.namedfile) Package 'plone/formwidget' is zipped.  Skipping.
[   21.69] packages: (While processing egg plone.formwidget.namedfile) Package 'plone' is zipped.  Skipping.
[   21.69] packages: (While processing egg plone.i18n) Package 'plone' is zipped.  Skipping.
[   21.69] packages: (While processing egg plone.indexer) Package 'plone' is zipped.  Skipping.
[   21.69] packages: (While processing egg plone.intelligenttext) Package 'plone' is zipped.  Skipping.
[   21.69] packages: (While processing egg plone.keyring) Package 'plone' is zipped.  Skipping.
[   21.70] packages: (While processing egg plone.locking) Package 'plone' is zipped.  Skipping.
[   21.70] packages: (While processing egg plone.memoize) Package 'plone' is zipped.  Skipping.
[   21.70] packages: (While processing egg plone.namedfile) Package 'plone' is zipped.  Skipping.
[   21.70] packages: (While processing egg plone.outputfilters) Package 'plone' is zipped.  Skipping.
[   21.70] packages: (While processing egg plone.portlet.collection) Package 'plone/portlet' is zipped.  Skipping.
[   21.70] packages: (While processing egg plone.portlet.collection) Package 'plone' is zipped.  Skipping.
[   21.70] packages: (While processing egg plone.portlet.static) Package 'plone/portlet' is zipped.  Skipping.
[   21.70] packages: (While processing egg plone.portlet.static) Package 'plone' is zipped.  Skipping.
[   21.70] packages: (While processing egg plone.portlets) Package 'plone' is zipped.  Skipping.
[   21.70] packages: (While processing egg plone.protect) Package 'plone' is zipped.  Skipping.
[   21.70] packages: (While processing egg plone.registry) Package 'plone' is zipped.  Skipping.
[   21.70] packages: (While processing egg plone.resource) Package 'plone' is zipped.  Skipping.
[   21.70] packages: (While processing egg plone.resourceeditor) Package 'plone' is zipped.  Skipping.
[   21.70] packages: (While processing egg plone.rest) Package 'plone' is zipped.  Skipping.
[   21.70] packages: (While processing egg plone.rfc822) Package 'plone' is zipped.  Skipping.
[   21.70] packages: (While processing egg plone.scale) Package 'plone' is zipped.  Skipping.
[   21.70] packages: (While processing egg plone.schema) Package 'plone' is zipped.  Skipping.
[   21.70] packages: (While processing egg plone.schemaeditor) Package 'plone' is zipped.  Skipping.
[   21.70] packages: (While processing egg plone.session) Package 'plone' is zipped.  Skipping.
[   21.70] packages: (While processing egg plone.staticresources) Package 'plone' is zipped.  Skipping.
[   21.70] packages: (While processing egg plone.stringinterp) Package 'plone' is zipped.  Skipping.
[   21.70] packages: (While processing egg plone.subrequest) Package 'plone' is zipped.  Skipping.
[   21.71] packages: (While processing egg plone.supermodel) Package 'plone' is zipped.  Skipping.
[   21.71] packages: (While processing egg plone.testing) Package 'plone' is zipped.  Skipping.
[   21.71] packages: (While processing egg plone.theme) Package 'plone' is zipped.  Skipping.
[   21.71] packages: (While processing egg plone.transformchain) Package 'plone' is zipped.  Skipping.
[   21.71] packages: (While processing egg plone.uuid) Package 'plone' is zipped.  Skipping.
[   21.71] packages: (While processing egg plone.z3cform) Package 'plone' is zipped.  Skipping.
[   21.71] packages: (While processing egg Products.CMFDiffTool) Package 'Products' is zipped.  Skipping.
[   21.71] packages: (While processing egg Products.CMFDynamicViewFTI) Package 'Products' is zipped.  Skipping.
[   21.71] packages: (While processing egg Products.CMFEditions) Package 'Products' is zipped.  Skipping.
[   21.72] packages: (While processing egg Products.CMFUid) Package 'Products' is zipped.  Skipping.
[   21.72] packages: (While processing egg Products.DateRecurringIndex) Package 'Products' is zipped.  Skipping.
[   21.72] packages: (While processing egg Products.DCWorkflow) Package 'Products' is zipped.  Skipping.
[   21.72] packages: (While processing egg Products.ExtendedPathIndex) Package 'Products' is zipped.  Skipping.
[   21.72] packages: (While processing egg Products.GenericSetup) Package 'Products' is zipped.  Skipping.
[   21.72] packages: (While processing egg Products.isurlinportal) Package 'Products' is zipped.  Skipping.
[   21.72] packages: (While processing egg Products.MimetypesRegistry) Package 'Products' is zipped.  Skipping.
[   21.72] packages: (While processing egg Products.PlonePAS) Package 'Products' is zipped.  Skipping.
[   21.72] packages: (While processing egg Products.PluggableAuthService) Package 'Products' is zipped.  Skipping.
[   21.72] packages: (While processing egg Products.PluginRegistry) Package 'Products' is zipped.  Skipping.
[   21.72] packages: (While processing egg Products.PortalTransforms) Package 'Products' is zipped.  Skipping.
[   21.72] packages: (While processing egg Products.statusmessages) Package 'Products' is zipped.  Skipping.
[   21.72] packages: (While processing egg Products.ZopeVersionControl) Package 'Products' is zipped.  Skipping.
[   21.72] packages: (While processing egg Zope) Link already exists (<bench>/caches/bo-uv/eggs/v5/Zope-6.2-py3.13-macosx-26.6-arm64.egg/Products -> <bench>/runs/bo-uv/parts/packages/Products).  Skipping.
[   21.72] packages: (While processing egg zope.interface) Package 'zope' is zipped.  Skipping.
[   21.73] packages: (While processing egg Products.CMFCore) Package 'Products' is zipped.  Skipping.
[   21.73] packages: (While processing egg zope.structuredtext) Package 'zope' is zipped.  Skipping.
[   21.73] packages: (While processing egg Products.StandardCacheManagers) Package 'Products' is zipped.  Skipping.
[   21.73] packages: (While processing egg Products.Sessions) Package 'Products' is zipped.  Skipping.
[   21.73] packages: (While processing egg Products.BTreeFolder2) Package 'Products' is zipped.  Skipping.
[   21.73] packages: (While processing egg Products.ZCatalog) Package 'Products' is zipped.  Skipping.
[   21.73] packages: (While processing egg Products.PythonScripts) Package 'Products' is zipped.  Skipping.
[   21.73] packages: (While processing egg five.localsitemanager) Package 'five' is zipped.  Skipping.
[   21.73] packages: (While processing egg Products.ExternalMethod) Package 'Products' is zipped.  Skipping.
[   21.73] packages: (While processing egg zope.schema) Package 'zope' is zipped.  Skipping.
[   21.73] packages: (While processing egg zope.globalrequest) Package 'zope' is zipped.  Skipping.
[   21.73] packages: (While processing egg zope.intid) Package 'zope' is zipped.  Skipping.
[   21.73] packages: (While processing egg zope.i18nmessageid) Package 'zope' is zipped.  Skipping.
[   21.73] packages: (While processing egg zope.i18n) Package 'zope' is zipped.  Skipping.
[   21.73] packages: (While processing egg zope.deprecation) Package 'zope' is zipped.  Skipping.
[   21.73] packages: (While processing egg zope.deferredimport) Package 'zope' is zipped.  Skipping.
[   21.73] packages: (While processing egg zope.cachedescriptors) Package 'zope' is zipped.  Skipping.
[   21.73] packages: (While processing egg zope.app.locales) Package 'zope' is zipped.  Skipping.
[   21.74] packages: (While processing egg z3c.form) Package 'z3c' is zipped.  Skipping.
[   21.74] packages: (While processing egg z3c.caching) Package 'z3c' is zipped.  Skipping.
[   21.74] packages: (While processing egg Products.SiteErrorLog) Package 'Products' is zipped.  Skipping.
[   21.74] packages: (While processing egg plone.autoinclude) Package 'plone' is zipped.  Skipping.
[   21.74] packages: (While processing egg zope.component) Package 'zope' is zipped.  Skipping.
[   21.74] packages: (While processing egg zope.dottedname) Package 'zope' is zipped.  Skipping.
[   21.74] packages: (While processing egg zope.copy) Package 'zope' is zipped.  Skipping.
[   21.74] packages: (While processing egg zope.pagetemplate) Package 'zope' is zipped.  Skipping.
[   21.74] packages: (While processing egg zope.browserpage) Package 'zope' is zipped.  Skipping.
[   21.74] packages: (While processing egg zope.event) Package 'zope' is zipped.  Skipping.
[   21.74] packages: (While processing egg zope.configuration) Package 'zope' is zipped.  Skipping.
[   21.74] packages: (While processing egg zope.publisher) Package 'zope' is zipped.  Skipping.
[   21.74] packages: (While processing egg zope.lifecycleevent) Package 'zope' is zipped.  Skipping.
[   21.75] packages: (While processing egg zope.testbrowser) Package 'zope' is zipped.  Skipping.
[   21.75] packages: (While processing egg zope.testing) Package 'zope' is zipped.  Skipping.
[   21.75] packages: (While processing egg z3c.zcmlhook) Package 'z3c' is zipped.  Skipping.
[   21.75] packages: (While processing egg zope.security) Package 'zope' is zipped.  Skipping.
[   21.75] packages: (While processing egg zope.container) Package 'zope' is zipped.  Skipping.
[   21.75] packages: (While processing egg zope.location) Package 'zope' is zipped.  Skipping.
[   21.75] packages: (While processing egg zope.contentprovider) Package 'zope' is zipped.  Skipping.
[   21.75] packages: (While processing egg z3c.unconfigure) Package 'z3c' is zipped.  Skipping.
[   21.76] packages: (While processing egg zope.componentvocabulary) Package 'zope' is zipped.  Skipping.
[   21.76] packages: (While processing egg zope.traversing) Package 'zope' is zipped.  Skipping.
[   21.76] packages: (While processing egg z3c.formwidget.query) Package 'z3c' is zipped.  Skipping.
[   21.76] packages: (While processing egg zope.viewlet) Package 'zope' is zipped.  Skipping.
[   21.76] packages: (While processing egg Products.MailHost) Package 'Products' is zipped.  Skipping.
[   21.76] packages: (While processing egg z3c.objpath) Package 'z3c' is zipped.  Skipping.
[   21.76] packages: (While processing egg zope.browser) Package 'zope' is zipped.  Skipping.
[   21.76] packages: (While processing egg zope.browsermenu) Package 'zope' is zipped.  Skipping.
[   21.76] packages: (While processing egg zope.keyreference) Package 'zope' is zipped.  Skipping.
[   21.76] packages: (While processing egg plone.formwidget.recurrence) Package 'plone/formwidget' is zipped.  Skipping.
[   21.76] packages: (While processing egg plone.formwidget.recurrence) Package 'plone' is zipped.  Skipping.
[   21.76] packages: (While processing egg zope.filerepresentation) Package 'zope' is zipped.  Skipping.
[   21.76] packages: (While processing egg zope.tales) Package 'zope' is zipped.  Skipping.
[   21.76] packages: (While processing egg zope.tal) Package 'zope' is zipped.  Skipping.
[   21.76] packages: (While processing egg zope.size) Package 'zope' is zipped.  Skipping.
[   21.76] packages: (While processing egg zope.site) Package 'zope' is zipped.  Skipping.
[   21.76] packages: (While processing egg zope.sequencesort) Package 'zope' is zipped.  Skipping.
[   21.76] packages: (While processing egg zope.ptresource) Package 'zope' is zipped.  Skipping.
[   21.76] packages: (While processing egg zope.proxy) Package 'zope' is zipped.  Skipping.
[   21.76] packages: (While processing egg zope.processlifetime) Package 'zope' is zipped.  Skipping.
[   21.76] packages: (While processing egg zope.exceptions) Package 'zope' is zipped.  Skipping.
[   21.76] packages: (While processing egg zope.datetime) Package 'zope' is zipped.  Skipping.
[   21.76] packages: (While processing egg zope.contenttype) Package 'zope' is zipped.  Skipping.
[   21.76] packages: (While processing egg zope.browserresource) Package 'zope' is zipped.  Skipping.
[   21.76] packages: (While processing egg PasteDeploy) Package 'paste' is zipped.  Skipping.
[   21.77] packages: Warning: (While processing egg cffi) Package '_cffi_backend' not found.  Skipping.
[   21.77] packages: (While processing egg zope.hookable) Package 'zope' is zipped.  Skipping.
[   21.77] packages: Warning: (While processing egg charset-normalizer) Package 'ada92cb5d92a588d1b93__mypyc' not found.  Skipping.
[   21.78] packages: (While processing egg zope.sendmail) Package 'zope' is zipped.  Skipping.
[   21.79] packages: (While processing egg jaraco.context) Package 'jaraco' is zipped.  Skipping.
[   21.79] packages: (While processing egg jaraco.functools) Package 'jaraco' is zipped.  Skipping.
[   21.80] packages: (While processing egg zc-buildout) Link already exists (<bench>/runs/bo-uv/.venv/lib/python3.13/site-packages/zc -> <bench>/runs/bo-uv/parts/packages/zc).  Skipping.
[   21.80] Installing releaser.
[   21.88] Generated script '<bench>/runs/bo-uv/bin/manage'.
[   21.88] Generated script '<bench>/runs/bo-uv/bin/addchangelogentry'.
[   21.88] Generated script '<bench>/runs/bo-uv/bin/bumpversion'.
[   21.88] Generated script '<bench>/runs/bo-uv/bin/fullrelease'.
[   21.88] Generated script '<bench>/runs/bo-uv/bin/lasttagdiff'.
[   21.88] Generated script '<bench>/runs/bo-uv/bin/lasttaglog'.
[   21.88] Generated script '<bench>/runs/bo-uv/bin/longtest'.
[   21.88] Generated script '<bench>/runs/bo-uv/bin/postrelease'.
[   21.88] Generated script '<bench>/runs/bo-uv/bin/prerelease'.
[   21.88] Generated script '<bench>/runs/bo-uv/bin/release'.
[   21.88] Generated script '<bench>/runs/bo-uv/bin/pocompile'.
[   21.89] Generated script '<bench>/runs/bo-uv/bin/pyroma'.
[   21.89] Generated script '<bench>/runs/bo-uv/bin/pep440'.
[   21.89] Generated script '<bench>/runs/bo-uv/bin/check-manifest'.
[   21.89] Generated script '<bench>/runs/bo-uv/bin/twine'.
[   21.89] Generated script '<bench>/runs/bo-uv/bin/pyproject-build'.
[   21.89] Generated script '<bench>/runs/bo-uv/bin/docutils'.
[   21.89] Generated script '<bench>/runs/bo-uv/bin/rst2html'.
[   21.89] Generated script '<bench>/runs/bo-uv/bin/rst2html4'.
[   21.89] Generated script '<bench>/runs/bo-uv/bin/rst2html5'.
[   21.89] Generated script '<bench>/runs/bo-uv/bin/rst2latex'.
[   21.89] Generated script '<bench>/runs/bo-uv/bin/rst2man'.
[   21.89] Generated script '<bench>/runs/bo-uv/bin/rst2odt'.
[   21.89] Generated script '<bench>/runs/bo-uv/bin/rst2pseudoxml'.
[   21.89] Generated script '<bench>/runs/bo-uv/bin/rst2s5'.
[   21.89] Generated script '<bench>/runs/bo-uv/bin/rst2xetex'.
[   21.89] Generated script '<bench>/runs/bo-uv/bin/rst2xml'.
[   21.89] Generated script '<bench>/runs/bo-uv/bin/trove-classifiers'.
[   21.89] Generated script '<bench>/runs/bo-uv/bin/pygmentize'.
[   21.89] Generated script '<bench>/runs/bo-uv/bin/keyring'.
[   21.89] Generated script '<bench>/runs/bo-uv/bin/idna'.
[   21.89] Generated script '<bench>/runs/bo-uv/bin/normalizer'.
[   21.89] Generated script '<bench>/runs/bo-uv/bin/towncrier'.
[   21.89] Generated script '<bench>/runs/bo-uv/bin/markdown-it'.
[   21.89] Generated script '<bench>/runs/bo-uv/bin/cffi-gen-src'.
[   21.89] Generated script '<bench>/runs/bo-uv/bin/pip'.
[   21.89] Generated script '<bench>/runs/bo-uv/bin/pip3'.
[   21.89] Generated script '<bench>/runs/bo-uv/bin/wheel'.
[   21.89] Generated script '<bench>/runs/bo-uv/bin/buildout'.
[   21.89] Installing z3c_checkversions.
[   21.93] Generated script '<bench>/runs/bo-uv/bin/checkversions'.
[   21.93] Installing ploneversioncheck.
[   21.98] Generated script '<bench>/runs/bo-uv/bin/versioncheck'.
[   21.98] Installing dependencies.
[   22.03] Generated script '<bench>/runs/bo-uv/bin/dependencychecker'.
[   22.03] Installing zodbupdate.
[   22.38] Generated script '<bench>/runs/bo-uv/bin/zodbupdate'.
[   22.38] Generated script '<bench>/runs/bo-uv/bin/zodbverify'.
[   22.38] Installing vscode.
# exit 0 after 17.11s
