
$ make install PRIMARY_PYTHON=<python3.13>
[    4.63] Using global uv for Python <python3.13>
[    4.69] Setup Python Virtual Environment using global uv at '.venv'
[    4.78] Using CPython 3.13.9 interpreter at: <python3.13>
[    4.78] Creating virtual environment with seed packages at: .venv
[    7.89]  + pip==26.2.1
[    8.10] Activate with: source .venv/bin/activate
[    9.40] Resolved 4 packages in 587ms
[    9.78] Prepared 3 packages in 375ms
[   10.13] Installed 3 packages in 351ms
[   10.13]  + packaging==26.3
[   10.13]  + setuptools==84.0.0
[   10.13]  + wheel==0.48.0
[   10.15] Install/Update MXStack Python packages
[   11.02] Resolved 14 packages in 823ms
[   11.58] Prepared 13 packages in 566ms
[   11.64] Installed 13 packages in 60ms
[   11.65]  + blessed==1.50.0
[   11.65]  + editor==2.0.1
[   11.65]  + inquirer==3.4.1
[   11.65]  + jinja2==3.1.6
[   11.65]  + jinxed==2.1.0
[   11.65]  + markupsafe==3.0.3
[   11.65]  + mxdev==5.4.1
[   11.65]  + mxmake==2.2.0
[   11.65]  + pyyaml==6.0.3
[   11.65]  + readchar==4.2.2
[   11.65]  + runs==1.3.0
[   11.65]  + wcwidth==0.9.1
[   11.65]  + xmod==1.10.0
[   11.67] Install plone.releaser
[   13.16] Resolved 45 packages in 1.46s
[   13.29] Downloading pygments (1.2MiB)
[   13.30] Downloading nh3 (1.4MiB)
[   14.51]  Downloaded nh3
[   14.58]  Downloaded pygments
[   14.58] Prepared 40 packages in 1.42s
[   15.30] Installed 40 packages in 712ms
[   15.30]  + argh==0.31.3
[   15.30]  + build==1.6.1
[   15.30]  + certifi==2026.7.22
[   15.30]  + charset-normalizer==3.5.1
[   15.30]  + check-manifest==0.51
[   15.30]  + click==8.5.0
[   15.30]  + colorama==0.4.6
[   15.30]  + comrak==0.0.16
[   15.30]  + configparser==7.2.0
[   15.30]  + docutils==0.23
[   15.30]  + gitdb==4.0.12
[   15.30]  + gitpython==3.1.62
[   15.30]  + id==1.6.1
[   15.30]  + idna==3.20
[   15.30]  + jaraco-classes==3.4.0
[   15.30]  + jaraco-context==6.1.2
[   15.30]  + jaraco-functools==4.6.0
[   15.30]  + keyring==25.7.0
[   15.30]  + markdown-it-py==4.2.0
[   15.30]  + mdurl==0.1.2
[   15.30]  + more-itertools==11.1.0
[   15.30]  + nh3==0.3.7
[   15.30]  + pep440==0.1.2
[   15.30]  + plone-releaser==3.1.1
[   15.30]  + progress==1.6.1
[   15.30]  + pygments==2.21.0
[   15.30]  + pyproject-hooks==1.3.3
[   15.30]  + pyroma==5.0.1
[   15.30]  + readme-renderer==46.0
[   15.30]  + requests==2.34.2
[   15.30]  + requests-toolbelt==1.0.0
[   15.30]  + rfc3986==2.0.0
[   15.30]  + rich==15.0.0
[   15.30]  + smmap==5.0.3
[   15.30]  + towncrier==26.9.0
[   15.30]  + trove-classifiers==2026.9.21.13
[   15.30]  + twine==7.0.0
[   15.30]  + urllib3==2.8.0
[   15.30]  + zest-releaser==9.9.1
[   15.30]  + zestreleaser-towncrier==2.0.1
[   15.33] Generate mx sources and checkouts from buildout
[   15.86] Checkout project sources
[   16.29] ###############################################################################
[   16.62] mxmake: hook initialized
[   16.62] # Load configuration
[   16.63] Hook 'Hook' declares namespace='mxmake-' with a trailing '-'; this form is deprecated. Use namespace='mxmake' and the ':' section delimiter (e.g. [mxmake:section]).
[   16.63] Hook section '[mxmake-env]' uses the deprecated '-' delimiter; rename to '[mxmake:env]'.
[   16.63] Hook section '[mxmake-run-tests]' uses the deprecated '-' delimiter; rename to '[mxmake:run-tests]'.
[   16.63] Hook section '[mxmake-plone-site]' uses the deprecated '-' delimiter; rename to '[mxmake:plone-site]'.
[   16.63] ###############################################################################
[   16.63] # Read infiles
[   16.63] Read [r]: requirements-test.txt
[   16.63] Read [c]: constraints-all.txt
[   16.63] Read [c]: constraints.txt
[   16.63] Read [c]: https://zopefoundation.github.io/Zope/releases/6.2/constraints.txt
[   16.85] Read [c]: constraints-extra.txt
[   16.85] Read [c]: constraints-ecosystem.txt
[   16.86] ###############################################################################
[   16.86] # Fetch sources from VCS
[   16.92] Queued 'Plone' for checkout.
[   17.24] Queued 'Products.CMFPlone' for checkout.
[   17.44] Queued 'mockup' for checkout.
[   18.81] Queued 'plone.app.locales' for checkout.
[   18.87] Queued 'plone.app.upgrade' for checkout.
[   19.97] Queued 'plone.restapi' for checkout.
[   21.26] Updated 'Plone' with git.
[   21.26] Switching to branch '6.2.x'.
[   21.44] Updated 'mockup' with git.
[   21.44] Switching to branch '5.6.x'.
[   21.81] Updated 'plone.app.locales' with git.
[   21.81] Switching to branch 'master'.
[   21.81] Updated 'Products.CMFPlone' with git.
[   21.81] Switching to branch '6.2.x'.
[   22.24] Updated 'plone.app.upgrade' with git.
[   22.24] Switching to branch 'master'.
[   22.64] Updated 'plone.restapi' with git.
[   22.64] Switching to branch 'main'.
[   22.67] Create project files
[   22.77] ###############################################################################
[   22.81] mxmake: hook initialized
[   22.81] # Load configuration
[   22.82] Hook 'Hook' declares namespace='mxmake-' with a trailing '-'; this form is deprecated. Use namespace='mxmake' and the ':' section delimiter (e.g. [mxmake:section]).
[   22.82] Hook section '[mxmake-env]' uses the deprecated '-' delimiter; rename to '[mxmake:env]'.
[   22.82] Hook section '[mxmake-run-tests]' uses the deprecated '-' delimiter; rename to '[mxmake:run-tests]'.
[   22.82] Hook section '[mxmake-plone-site]' uses the deprecated '-' delimiter; rename to '[mxmake:plone-site]'.
[   22.82] ###############################################################################
[   22.82] # Read infiles
[   22.82] Read [r]: requirements-test.txt
[   22.82] Read [c]: constraints-all.txt
[   22.82] Read [c]: constraints.txt
[   22.82] Read [c]: https://zopefoundation.github.io/Zope/releases/6.2/constraints.txt
[   22.90] Read [c]: constraints-extra.txt
[   22.90] Read [c]: constraints-ecosystem.txt
[   22.90] ###############################################################################
[   22.90] # Write outfiles
[   22.90] Write [c]: constraints-mxdev.txt
[   22.90] Write [r]: requirements-mxdev.txt
[   22.91] 🎂 You are now ready for: pip install -r requirements-mxdev.txt
[   22.91]    (path to pip may vary dependent on your installation method)
[   22.99] Install python packages
[   27.85] Resolved 326 packages in 4.76s
[   27.93]    Building products-cmfplone @ file://<bench>/runs/mx/src/Products.CMFPlone
[   27.93]    Building plone @ file://<bench>/runs/mx/src/Plone
[   27.93]    Building plone-restapi @ file://<bench>/runs/mx/src/plone.restapi
[   27.93]    Building plone-app-upgrade @ file://<bench>/runs/mx/src/plone.app.upgrade
[   27.93]    Building plone-app-locales @ file://<bench>/runs/mx/src/plone.app.locales
[   27.98] Downloading pygments (1.2MiB)
[   28.28] Downloading pillow (4.6MiB)
[   28.28] Downloading setuptools (1.0MiB)
[   28.28] Downloading lxml (8.2MiB)
[   28.28] Downloading selenium (9.2MiB)
[   28.28] Downloading grpcio (11.5MiB)
[   28.28] Downloading plonetheme-barceloneta (5.9MiB)
[   28.31] Downloading plone-scale (2.6MiB)
[   28.31] Downloading babel (9.7MiB)
[   28.51] Downloading zope (3.0MiB)
[   28.52] Downloading grpcio-tools (5.5MiB)
[   28.73] Downloading zope-app-locales (1.1MiB)
[   28.80] Downloading plone-staticresources (9.6MiB)
[   32.80]       Built plone @ file://<bench>/runs/mx/src/Plone
[   33.24]  Downloaded zope-app-locales
[   35.14]       Built products-cmfplone @ file://<bench>/runs/mx/src/Products.CMFPlone
[   37.06]       Built plone-restapi @ file://<bench>/runs/mx/src/plone.restapi
[   38.80]  Downloaded pygments
[   43.26]  Downloaded plone-scale
[   44.66]  Downloaded setuptools
[   47.66]    Building manuel==1.13.0
[   52.38]  Downloaded pillow
[   52.62]  Downloaded zope
[   55.33]  Downloaded plonetheme-barceloneta
[   55.46]  Downloaded grpcio-tools
[   59.06]       Built manuel==1.13.0
[   59.18]  Downloaded grpcio
[   59.24]  Downloaded selenium
[   59.25]  Downloaded lxml
[   59.80]       Built plone-app-upgrade @ file://<bench>/runs/mx/src/plone.app.upgrade
[   59.90]  Downloaded babel
[   63.03]  Downloaded plone-staticresources
[   63.05]       Built plone-app-locales @ file://<bench>/runs/mx/src/plone.app.locales
[   63.06] Prepared 298 packages in 35.17s
[   63.43] Uninstalled 11 packages in 358ms
[   81.88] Installed 298 packages in 18.27s
[   82.08]  + accesscontrol==7.4
[   82.08]  + acquisition==6.2
[   82.08]  + attrs==26.1.0
[   82.08]  + authencoding==6.0
[   82.08]  + babel==2.18.0
[   82.08]  + beautifulsoup4==4.15.0
[   82.08]  + borg-localrole==5.0.1
[   82.08]  + btrees==6.4
[   82.14]  - build==1.6.1
[   82.14]  + build==1.6.0
[   82.14]  + cffi==2.1.1
[   82.14]  + chameleon==4.6.0
[   82.14]  - charset-normalizer==3.5.1
[   82.14]  + charset-normalizer==3.4.9
[   82.14]  + cmarkgfm==2025.10.22
[   82.14]  + collective-mockmailhost==4.0.0
[   82.14]  + collective-monkeypatcher==3.0.0
[   82.14]  + coverage==7.16.0
[   82.14]  + cssselect==1.5.0
[   82.14]  + datetime==6.0
[   82.14]  + decorator==5.3.1
[   82.14]  + diazo==2.0.6
[   82.14]  + documenttemplate==5.3
[   82.14]  - docutils==0.23
[   82.14]  + docutils==0.22.4
[   82.14]  + extensionclass==6.3
[   82.14]  + feedparser==6.0.14
[   82.14]  + feedparser-sgmllib==2.1.0
[   82.14]  + five-customerize==4.1
[   82.14]  + five-intid==3.1.0
[   82.14]  + five-localsitemanager==5.0
[   82.14]  + furl==2.1.4
[   82.14]  + grpcio==1.81.0
[   82.14]  + grpcio-tools==1.81.0
[   82.14]  + h11==0.16.0
[   82.14]  + horse-with-no-namespace==20260202.0
[   82.14]  + icalendar==7.3.0
[   82.14]  - idna==3.20
[   82.14]  + idna==3.18
[   82.14]  + importlib-metadata==9.0.1
[   82.14]  + iniconfig==2.3.0
[   82.14]  + jsonschema==4.26.0
[   82.14]  + jsonschema-specifications==2025.9.1
[   82.14]  + legacy-cgi==2.6.4
[   82.14]  + lxml==6.1.3
[   82.14]  + lxml-html-clean==0.4.5
[   82.14]  + manuel==1.13.0
[   82.14]  + markdown==3.10.3
[   82.14]  + missing==5.2
[   82.14]  + mock==5.2.0
[   82.14]  + multimapping==5.1
[   82.14]  + multipart==2.0.0
[   82.14]  + natsort==8.4.0
[   82.14]  + orderedmultidict==1.0.2
[   82.14]  + outcome==1.3.0.post0
[   82.14]  + overrides==7.7.0
[   82.14]  + paste==3.10.1
[   82.14]  + pastedeploy==3.1.0
[   82.14]  + persistence==5.4
[   82.14]  + persistent==6.7
[   82.14]  + piexif==1.1.3
[   82.14]  + pillow==12.3.0
[   82.14]  + plone==6.2.3.dev0 (from file://<bench>/runs/mx/src/Plone)
[   82.14]  + plone-alterego==3.0.0
[   82.14]  + plone-api==3.0.3
[   82.14]  + plone-app-caching==5.0.0
[   82.14]  + plone-app-content==5.0.0
[   82.14]  + plone-app-contentlisting==4.0.0
[   82.14]  + plone-app-contentmenu==4.0.0
[   82.14]  + plone-app-contentrules==6.0.0
[   82.14]  + plone-app-contenttypes==5.0.1
[   82.14]  + plone-app-customerize==3.0.1
[   82.14]  + plone-app-dexterity==5.0.2
[   82.14]  + plone-app-discussion==6.0.1
[   82.14]  + plone-app-event==6.0.1
[   82.14]  + plone-app-i18n==5.0.0
[   82.14]  + plone-app-intid==3.0.0
[   82.14]  + plone-app-iterate==7.0.0
[   82.14]  + plone-app-layout==6.0.2
[   82.14]  + plone-app-linkintegrity==5.0.0
[   82.14]  + plone-app-locales==7.0.5.dev0 (from file://<bench>/runs/mx/src/plone.app.locales)
[   82.14]  + plone-app-lockingbehavior==3.0.0
[   82.14]  + plone-app-multilingual==9.0.2
[   82.14]  + plone-app-portlets==7.0.2
[   82.14]  + plone-app-querystring==3.0.0
[   82.14]  + plone-app-redirector==4.0.0
[   82.14]  + plone-app-registry==3.0.1
[   82.14]  + plone-app-relationfield==5.0.0
[   82.14]  + plone-app-robotframework==3.0.0
[   82.14]  + plone-app-testing==8.0.2
[   82.14]  + plone-app-textfield==4.0.2
[   82.14]  + plone-app-theming==7.0.1
[   82.14]  + plone-app-upgrade==4.1.2.dev0 (from file://<bench>/runs/mx/src/plone.app.upgrade)
[   82.14]  + plone-app-users==4.0.0
[   82.14]  + plone-app-uuid==3.0.0
[   82.14]  + plone-app-versioningbehavior==3.0.0
[   82.14]  + plone-app-viewletmanager==5.0.0
[   82.14]  + plone-app-vocabularies==7.0.0
[   82.14]  + plone-app-widgets==6.0.0
[   82.14]  + plone-app-workflow==6.0.0
[   82.14]  + plone-app-z3cform==5.0.2
[   82.14]  + plone-autoform==3.0.1
[   82.14]  + plone-autoinclude==3.0.0
[   82.14]  + plone-base==4.0.2
[   82.14]  + plone-batching==3.0.1
[   82.14]  + plone-behavior==3.0.1
[   82.14]  + plone-browserlayer==4.0.0
[   82.14]  + plone-cachepurging==4.0.0
[   82.14]  + plone-caching==3.0.0
[   82.14]  + plone-classicui==2.0.0
[   82.14]  + plone-contentrules==4.0.0
[   82.14]  + plone-dexterity==4.0.0
[   82.14]  + plone-distribution==4.0.0
[   82.14]  + plone-event==3.0.0
[   82.14]  + plone-exportimport==2.1.0
[   82.14]  + plone-folder==5.0.0
[   82.15]  + plone-formwidget-namedfile==4.0.0
[   82.15]  + plone-formwidget-recurrence==4.0.0
[   82.15]  + plone-i18n==6.0.0
[   82.15]  + plone-indexer==3.0.0
[   82.15]  + plone-intelligenttext==5.0.0
[   82.15]  + plone-keyring==5.0.0
[   82.15]  + plone-locking==4.0.0
[   82.15]  + plone-memoize==4.0.0
[   82.15]  + plone-namedfile==8.1.1
[   82.15]  + plone-outputfilters==6.0.1
[   82.15]  + plone-portlet-collection==5.0.1
[   82.15]  + plone-portlet-static==5.0.0
[   82.15]  + plone-portlets==4.0.0
[   82.15]  + plone-protect==6.0.0
[   82.15]  + plone-registry==3.0.1
[   82.15]  + plone-resource==4.0.0
[   82.15]  + plone-resourceeditor==5.0.0
[   82.15]  + plone-rest==6.0.0
[   82.15]  + plone-restapi==10.0.5.dev0 (from file://<bench>/runs/mx/src/plone.restapi)
[   82.15]  + plone-rfc822==4.0.0
[   82.15]  + plone-scale==5.1.0
[   82.15]  + plone-schema==3.0.0
[   82.15]  + plone-schemaeditor==5.0.1
[   82.15]  + plone-session==5.1.0
[   82.15]  + plone-staticresources==3.0.9
[   82.15]  + plone-stringinterp==3.0.0
[   82.15]  + plone-subrequest==3.0.0
[   82.15]  + plone-supermodel==3.0.0
[   82.15]  + plone-testing==10.1.0
[   82.15]  + plone-theme==5.0.0
[   82.15]  + plone-transformchain==4.0.0
[   82.15]  + plone-uuid==3.0.0
[   82.15]  + plone-volto==6.0.1
[   82.15]  + plone-z3cform==3.0.0
[   82.15]  + plonetheme-barceloneta==4.1.1
[   82.15]  + pluggy==1.6.0
[   82.15]  + products-btreefolder2==6.0
[   82.15]  + products-cmfcore==3.8
[   82.15]  + products-cmfdifftool==5.0.0
[   82.15]  + products-cmfdynamicviewfti==8.0.0
[   82.15]  + products-cmfeditions==5.0.0
[   82.15]  + products-cmfplacefulworkflow==4.0.0
[   82.15]  + products-cmfplone==6.2.3.dev0 (from file://<bench>/runs/mx/src/Products.CMFPlone)
[   82.15]  + products-cmfuid==5.0
[   82.15]  + products-daterecurringindex==4.0.0
[   82.15]  + products-dcworkflow==4.0
[   82.15]  + products-extendedpathindex==6.0.0
[   82.15]  + products-externalmethod==6.1
[   82.15]  + products-genericsetup==5.2
[   82.15]  + products-isurlinportal==4.0.0
[   82.15]  + products-mailhost==6.1
[   82.15]  + products-mimetypesregistry==4.0.0
[   82.15]  + products-plonepas==9.0.0
[   82.15]  + products-pluggableauthservice==4.2.2
[   82.15]  + products-pluginregistry==3.1
[   82.15]  + products-portaltransforms==5.0.0
[   82.15]  + products-pythonscripts==5.3.1
[   82.15]  + products-sessions==6.2
[   82.15]  + products-siteerrorlog==7.0
[   82.15]  + products-standardcachemanagers==6.1
[   82.15]  + products-statusmessages==6.0.0
[   82.15]  + products-zcatalog==7.4
[   82.15]  + products-zopeversioncontrol==5.1
[   82.15]  + prompt-toolkit==3.0.53
[   82.15]  + protobuf==6.33.6
[   82.15]  + psutil==7.2.2
[   82.15]  + pycparser==3.0
[   82.15]  - pygments==2.21.0
[   82.15]  + pygments==2.20.0
[   82.15]  + pyjwt==2.13.0
[   82.15]  - pyproject-hooks==1.3.3
[   82.15]  + pyproject-hooks==1.2.0
[   82.15]  + pysocks==1.7.1
[   82.15]  + pytest==9.1.1
[   82.15]  + pytest-cov==7.1.0
[   82.15]  + pytest-plone==1.1.0
[   82.15]  + python-dateutil==2.9.0.post0
[   82.17]  + python-gettext==5.0
[   82.17]  + pytz==2026.3.post1
[   82.17]  - readme-renderer==46.0
[   82.17]  + readme-renderer==44.0
[   82.17]  + record==4.2
[   82.17]  + referencing==0.37.0
[   82.17]  + repoze-xmliter==2.0
[   82.17]  + responses==0.26.3
[   82.17]  + restrictedpython==8.5
[   82.17]  + robotframework==7.3.2
[   82.17]  + robotframework-assertion-engine==5.0.1
[   82.17]  + robotframework-browser==20.0.0
[   82.17]  + robotframework-debuglibrary==2.5.0
[   82.17]  + robotframework-pythonlibcore==4.6.0
[   82.17]  + robotframework-selenium2library==3.0.0
[   82.17]  + robotframework-seleniumlibrary==6.9.0
[   82.17]  + robotframework-seleniumtestability==2.1.0
[   82.17]  + robotsuite==3.0.1
[   82.17]  + roman==5.2
[   82.17]  + rpds-py==2026.6.3
[   82.17]  + seedir==0.5.1
[   82.17]  + selenium==4.44.0
[   82.17]  - setuptools==84.0.0
[   82.17]  + setuptools==81.0.0
[   82.17]  + simplejson==4.1.2
[   82.17]  + six==1.17.0
[   82.17]  + sniffio==1.3.1
[   82.17]  + sortedcontainers==2.4.0
[   82.17]  + soupsieve==2.9.1
[   82.17]  + transaction==5.1
[   82.17]  + trio==0.34.0
[   82.17]  + trio-websocket==0.12.2
[   82.17]  - trove-classifiers==2026.9.21.13
[   82.17]  + trove-classifiers==2026.6.1.19
[   82.17]  + typing-extensions==4.16.0
[   82.17]  + tzdata==2026.3
[   82.17]  + unidecode==1.4.0
[   82.17]  - urllib3==2.8.0
[   82.17]  + urllib3==2.7.0
[   82.17]  + waitress==3.0.2
[   82.17]  - wcwidth==0.9.1
[   82.17]  + wcwidth==0.8.3
[   82.17]  + webob==1.8.11
[   82.17]  + webresource==2.0.0
[   82.17]  + websocket-client==1.9.2
[   82.17]  + webtest==3.0.7
[   82.17]  + wrapt==2.4.0
[   82.17]  + wsgiproxy2==0.5.1
[   82.17]  + wsproto==1.3.2
[   82.17]  + z3c-caching==4.0
[   82.17]  + z3c-form==6.1
[   82.17]  + z3c-formwidget-query==3.0
[   82.17]  + z3c-objpath==3.0
[   82.17]  + z3c-pt==5.1
[   82.17]  + z3c-relationfield==3.1
[   82.17]  + z3c-unconfigure==3.0
[   82.17]  + z3c-zcmlhook==3.0
[   82.17]  + zc-lockfile==4.0
[   82.17]  + zc-relation==3.0
[   82.17]  + zconfig==4.3
[   82.17]  + zexceptions==6.0
[   82.17]  + zipp==4.1.0
[   82.17]  + zodb==6.3
[   82.17]  + zodbpickle==4.4
[   82.17]  + zope==6.2
[   82.17]  + zope-annotation==6.0
[   82.17]  + zope-app-locales==6.0
[   82.17]  + zope-browser==4.0
[   82.17]  + zope-browsermenu==6.0
[   82.17]  + zope-browserpage==6.0
[   82.17]  + zope-browserresource==6.0
[   82.17]  + zope-cachedescriptors==6.0
[   82.17]  + zope-component==7.1
[   82.17]  + zope-componentvocabulary==4.0
[   82.17]  + zope-configuration==7.1
[   82.17]  + zope-container==7.2
[   82.17]  + zope-contentprovider==7.0
[   82.17]  + zope-contenttype==6.0
[   82.17]  + zope-copy==6.0
[   82.17]  + zope-datetime==6.0
[   82.17]  + zope-deferredimport==6.1.1
[   82.17]  + zope-deprecation==6.0
[   82.17]  + zope-dottedname==7.1
[   82.17]  + zope-event==6.2
[   82.17]  + zope-exceptions==6.0
[   82.17]  + zope-filerepresentation==7.0
[   82.17]  + zope-globalrequest==3.0
[   82.17]  + zope-hookable==8.2
[   82.17]  + zope-i18n==6.0
[   82.17]  + zope-i18nmessageid==8.2
[   82.17]  + zope-interface==8.5
[   82.17]  + zope-intid==6.0
[   82.17]  + zope-keyreference==7.0
[   82.17]  + zope-lifecycleevent==6.0
[   82.17]  + zope-location==6.0
[   82.17]  + zope-pagetemplate==6.1
[   82.17]  + zope-processlifetime==4.0
[   82.17]  + zope-proxy==7.2
[   82.17]  + zope-ptresource==6.0
[   82.17]  + zope-publisher==8.1
[   82.17]  + zope-pytestlayer==9.2
[   82.17]  + zope-ramcache==4.0
[   82.17]  + zope-schema==8.1
[   82.17]  + zope-security==8.3
[   82.17]  + zope-sendmail==7.2
[   82.17]  + zope-sequencesort==6.0
[   82.17]  + zope-site==6.0
[   82.17]  + zope-size==6.0
[   82.17]  + zope-structuredtext==6.0
[   82.17]  + zope-tal==6.0
[   82.17]  + zope-tales==7.0
[   82.17]  + zope-testbrowser==8.0
[   82.17]  + zope-testing==6.2
[   82.17]  + zope-testrunner==8.3
[   82.17]  + zope-traversing==6.0
[   82.17]  + zope-viewlet==6.0
[   85.82] Install zope-testrunner
[   85.98] Checked 1 package in 113ms
[   86.04] Install cookiecutter
[   87.84] Resolved 21 packages in 1.72s
[   89.44] Prepared 5 packages in 1.47s
[   89.47] Installed 5 packages in 29ms
[   89.47]  + arrow==1.4.0
[   89.47]  + binaryornot==0.6.0
[   89.47]  + cookiecutter==2.7.1
[   89.47]  + python-slugify==9.1.2
[   89.47]  + text-unidecode==1.3
[   89.49] Create Plone/Zope configuration from https://github.com/plone/cookiecutter-zope-instance to ./instance
[   90.64] <string>:1: UserWarning: 🐎 This Python ([1m<bench>/runs/mx/.venv/bin/python[0m) uses horse-with-no-namespace to make the following pkg_resources namespace packages compatible with PEP 420 namespace packages:
[   90.64]   paste
[  118.21] <string>:1: UserWarning: 🐎 This Python ([1m<bench>/runs/mx/.venv/bin/python[0m) uses horse-with-no-namespace to make the following pkg_resources namespace packages compatible with PEP 420 namespace packages:
[  118.21]   paste
[  118.23] Warning: initial user's password is insecure, it should be at least 10 characters long!
[  118.23] 
[  118.77] <string>:1: UserWarning: 🐎 This Python ([1m<bench>/runs/mx/.venv/bin/python[0m) uses horse-with-no-namespace to make the following pkg_resources namespace packages compatible with PEP 420 namespace packages:
[  118.77]   paste
# exit 0 after 119.71s
