
$ <python3.13> -m venv .venv
# exit 0 after 1.38s

$ .venv/bin/pip install pip==26.2.1 setuptools==81.0.0 wheel==0.48.0 horse-with-no-namespace==20260202.0 zc.buildout==5.3.0a1 uv==0.12.19
[    2.11] Collecting pip==26.2.1
[    2.11]   Using cached pip-26.2.1-py3-none-any.whl.metadata (4.6 kB)
[    2.26] Collecting setuptools==81.0.0
[    2.27]   Using cached setuptools-81.0.0-py3-none-any.whl.metadata (6.6 kB)
[    2.30] Collecting wheel==0.48.0
[    2.30]   Using cached wheel-0.48.0-py3-none-any.whl.metadata (2.3 kB)
[    2.32] Collecting horse-with-no-namespace==20260202.0
[    2.33]   Using cached horse_with_no_namespace-20260202.0-py3-none-any.whl.metadata (4.6 kB)
[    2.37] Collecting zc.buildout==5.3.0a1
[    2.37]   Using cached zc_buildout-5.3.0a1-py3-none-any.whl.metadata (26 kB)
[    2.52] Collecting uv==0.12.19
[    2.52]   Using cached uv-0.12.19-py3-none-macosx_11_0_arm64.whl.metadata (11 kB)
[    2.55] Collecting packaging>=24.0 (from wheel==0.48.0)
[    2.55]   Using cached packaging-26.3-py3-none-any.whl.metadata (3.5 kB)
[    2.58] Using cached pip-26.2.1-py3-none-any.whl (1.8 MB)
[    2.63] Using cached setuptools-81.0.0-py3-none-any.whl (1.1 MB)
[    2.66] Using cached wheel-0.48.0-py3-none-any.whl (33 kB)
[    2.66] Using cached horse_with_no_namespace-20260202.0-py3-none-any.whl (6.2 kB)
[    2.66] Using cached zc_buildout-5.3.0a1-py3-none-any.whl (418 kB)
[    2.67] Using cached uv-0.12.19-py3-none-macosx_11_0_arm64.whl (17.1 MB)
[    3.09] Using cached packaging-26.3-py3-none-any.whl (129 kB)
[    3.12] Installing collected packages: uv, setuptools, pip, packaging, horse-with-no-namespace, wheel, zc.buildout
[    4.56]   Attempting uninstall: pip
[    4.56]     Found existing installation: pip 25.2
[    4.57]     Uninstalling pip-25.2:
[    4.58]       Successfully uninstalled pip-25.2
[    5.45] 
[    5.45] Successfully installed horse-with-no-namespace-20260202.0 packaging-26.3 pip-26.2.1 setuptools-81.0.0 uv-0.12.19 wheel-0.48.0 zc.buildout-5.3.0a1
# exit 0 after 4.12s

$ .venv/bin/buildout buildout:eggs-directory=<bench>/caches/bo-pip/eggs versions:zc.buildout=5.3.0a1 versions:uv=0.12.19 versions:httpcore=1.0.9 versions:grpcio=1.81.0 versions:grpcio-tools=1.81.0 versions:protobuf=6.33.6
[    5.86] <string>:1: UserWarning: 🐎 This Python ([1m<bench>/runs/bo-pip/.venv/bin/python3.13[0m) uses horse-with-no-namespace to make the following pkg_resources namespace packages compatible with PEP 420 namespace packages:
[    5.86]   
[    5.92] <bench>/runs/bo-pip/.venv/lib/python3.13/site-packages/horse_with_no_namespace/pkg_resources.py:54: UserWarning: pkg_resources is deprecated as an API. See https://setuptools.pypa.io/en/latest/pkg_resources.html. The pkg_resources package is slated for removal as early as 2025-11-30. Refrain from using this package or pin to Setuptools<81.
[    5.92]   import pkg_resources
[    7.09] optional-extends file not found: local.cfg
[    7.09] mr.developer: Queued 'Plone' for checkout.
[    7.38] mr.developer: Queued 'Products.CMFPlone' for checkout.
[    7.56] mr.developer: Queued 'mockup' for checkout.
[    8.95] mr.developer: Queued 'plone.app.locales' for checkout.
[    9.00] mr.developer: Queued 'plone.app.upgrade' for checkout.
[    9.96] mr.developer: Queued 'plone.restapi' for checkout.
[   10.99] mr.developer: Updated 'Plone' with git.
[   10.99] mr.developer: Switching to branch '6.2.x'.
[   11.18] mr.developer: Updated 'plone.app.upgrade' with git.
[   11.18] mr.developer: Switching to branch 'master'.
[   11.44] mr.developer: Updated 'plone.app.locales' with git.
[   11.44] mr.developer: Switching to branch 'master'.
[   11.54] mr.developer: Updated 'mockup' with git.
[   11.54] mr.developer: Switching to branch '5.6.x'.
[   11.76] mr.developer: Updated 'Products.CMFPlone' with git.
[   11.76] mr.developer: Switching to branch '6.2.x'.
[   12.26] mr.developer: Updated 'plone.restapi' with git.
[   12.26] mr.developer: Switching to branch 'main'.
[   12.30] Creating directory '<bench>/runs/bo-pip/bin'.
[   12.30] Creating directory '<bench>/runs/bo-pip/parts'.
[   12.30] Creating directory '<bench>/runs/bo-pip/develop-eggs'.
[   12.34] Develop: '<bench>/runs/bo-pip/src/Plone'
[   13.41] Develop: '<bench>/runs/bo-pip/src/plone.app.locales'
[   14.82] Develop: '<bench>/runs/bo-pip/src/plone.app.upgrade'
[   15.93] Develop: '<bench>/runs/bo-pip/src/plone.restapi'
[   17.07] Develop: '<bench>/runs/bo-pip/src/Products.CMFPlone'
[   18.23] <bench>/runs/bo-pip/.venv/lib/python3.13/site-packages/zc/buildout/easy_install.py:2107: UserWarning: Module zc was already imported from None, but <bench>/caches/bo-pip/eggs/v5/zc.recipe.egg-4.0.0-py3.13-macosx-26.6-arm64.egg is being added to sys.path
[   18.23]   ws.add(dist)
[   18.27] <bench>/runs/bo-pip/.venv/lib/python3.13/site-packages/zc/buildout/easy_install.py:2107: UserWarning: Module plone was already imported from None, but <bench>/caches/bo-pip/eggs/v5/plone.recipe.zope2instance-9.1.0-py3.13-macosx-26.6-arm64.egg is being added to sys.path
[   18.27]   ws.add(dist)
[   18.30] <bench>/runs/bo-pip/.venv/lib/python3.13/site-packages/zc/buildout/easy_install.py:2107: UserWarning: Module zc was already imported from None, but <bench>/caches/bo-pip/eggs/v5/zc.lockfile-4.0-py3.13-macosx-26.6-arm64.egg is being added to sys.path
[   18.30]   ws.add(dist)
[   18.47] <bench>/runs/bo-pip/.venv/lib/python3.13/site-packages/zc/buildout/easy_install.py:2107: UserWarning: Module zc was already imported from None, but <bench>/caches/bo-pip/eggs/v5/zc.recipe.testrunner-4.2.post1-py3.13-macosx-26.6-arm64.egg is being added to sys.path
[   18.47]   ws.add(dist)
[   19.22] Installing _mr.developer.
[   19.26] Generated script '<bench>/runs/bo-pip/bin/develop'.
[   19.26] Installing instance.
[   19.76] Generated script '<bench>/runs/bo-pip/bin/instance'.
[   19.76] Generated interpreter '<bench>/runs/bo-pip/parts/instance/bin/interpreter'.
[   20.12] Generated script '<bench>/runs/bo-pip/bin/zodbverify'.
[   20.12] Installing test.
[   20.94] Generated script '<bench>/runs/bo-pip/bin/test'.
[   20.94] Installing instance-cmfplone.
[   21.26] Generated script '<bench>/runs/bo-pip/bin/instance-cmfplone'.
[   21.27] Generated interpreter '<bench>/runs/bo-pip/parts/instance-cmfplone/bin/interpreter'.
[   21.56] Installing robot.
[   22.16] Generated script '<bench>/runs/bo-pip/bin/ride'.
[   22.16] Generated script '<bench>/runs/bo-pip/bin/robot'.
[   22.16] Generated script '<bench>/runs/bo-pip/bin/robot-debug'.
[   22.16] Generated script '<bench>/runs/bo-pip/bin/robot-server'.
[   22.17] Generated script '<bench>/runs/bo-pip/bin/rfbrowser'.
[   22.17] Installing zopescripts.
[   22.52] Generated script '<bench>/runs/bo-pip/bin/addzopeuser'.
[   22.52] Generated script '<bench>/runs/bo-pip/bin/mkwsgiinstance'.
[   22.52] Generated script '<bench>/runs/bo-pip/bin/runwsgi'.
[   22.52] Generated script '<bench>/runs/bo-pip/bin/zconsole'.
[   22.52] Generated script '<bench>/runs/bo-pip/bin/zodbverify'.
[   22.52] Installing zopepy.
[   23.07] Generated script '<bench>/runs/bo-pip/bin/plone-register-flags'.
[   23.07] Generated script '<bench>/runs/bo-pip/bin/plone-register-icons'.
[   23.07] Generated interpreter '<bench>/runs/bo-pip/bin/zopepy'.
[   23.07] Installing packages.
[   23.13] packages: (While processing egg Zope) Link already exists (<bench>/caches/bo-pip/eggs/v5/Zope-6.2-py3.13-macosx-26.6-arm64.egg/Products -> <bench>/runs/bo-pip/parts/packages/Products).  Skipping.
[   23.16] packages: Warning: (While processing egg cffi) Package '_cffi_backend' not found.  Skipping.
[   23.17] packages: Warning: (While processing egg charset-normalizer) Package 'ada92cb5d92a588d1b93__mypyc' not found.  Skipping.
[   23.19] packages: (While processing egg zc-buildout) Link already exists (<bench>/runs/bo-pip/.venv/lib/python3.13/site-packages/zc -> <bench>/runs/bo-pip/parts/packages/zc).  Skipping.
[   23.19] Installing releaser.
[   23.28] Generated script '<bench>/runs/bo-pip/bin/manage'.
[   23.28] Generated script '<bench>/runs/bo-pip/bin/addchangelogentry'.
[   23.28] Generated script '<bench>/runs/bo-pip/bin/bumpversion'.
[   23.28] Generated script '<bench>/runs/bo-pip/bin/fullrelease'.
[   23.28] Generated script '<bench>/runs/bo-pip/bin/lasttagdiff'.
[   23.28] Generated script '<bench>/runs/bo-pip/bin/lasttaglog'.
[   23.28] Generated script '<bench>/runs/bo-pip/bin/longtest'.
[   23.28] Generated script '<bench>/runs/bo-pip/bin/postrelease'.
[   23.28] Generated script '<bench>/runs/bo-pip/bin/prerelease'.
[   23.28] Generated script '<bench>/runs/bo-pip/bin/release'.
[   23.28] Generated script '<bench>/runs/bo-pip/bin/pocompile'.
[   23.28] Generated script '<bench>/runs/bo-pip/bin/pyroma'.
[   23.28] Generated script '<bench>/runs/bo-pip/bin/pep440'.
[   23.28] Generated script '<bench>/runs/bo-pip/bin/check-manifest'.
[   23.28] Generated script '<bench>/runs/bo-pip/bin/twine'.
[   23.28] Generated script '<bench>/runs/bo-pip/bin/pyproject-build'.
[   23.28] Generated script '<bench>/runs/bo-pip/bin/docutils'.
[   23.28] Generated script '<bench>/runs/bo-pip/bin/rst2html'.
[   23.28] Generated script '<bench>/runs/bo-pip/bin/rst2html4'.
[   23.28] Generated script '<bench>/runs/bo-pip/bin/rst2html5'.
[   23.28] Generated script '<bench>/runs/bo-pip/bin/rst2latex'.
[   23.28] Generated script '<bench>/runs/bo-pip/bin/rst2man'.
[   23.28] Generated script '<bench>/runs/bo-pip/bin/rst2odt'.
[   23.28] Generated script '<bench>/runs/bo-pip/bin/rst2pseudoxml'.
[   23.28] Generated script '<bench>/runs/bo-pip/bin/rst2s5'.
[   23.28] Generated script '<bench>/runs/bo-pip/bin/rst2xetex'.
[   23.28] Generated script '<bench>/runs/bo-pip/bin/rst2xml'.
[   23.28] Generated script '<bench>/runs/bo-pip/bin/trove-classifiers'.
[   23.28] Generated script '<bench>/runs/bo-pip/bin/pygmentize'.
[   23.28] Generated script '<bench>/runs/bo-pip/bin/keyring'.
[   23.28] Generated script '<bench>/runs/bo-pip/bin/idna'.
[   23.28] Generated script '<bench>/runs/bo-pip/bin/normalizer'.
[   23.28] Generated script '<bench>/runs/bo-pip/bin/towncrier'.
[   23.28] Generated script '<bench>/runs/bo-pip/bin/markdown-it'.
[   23.28] Generated script '<bench>/runs/bo-pip/bin/cffi-gen-src'.
[   23.28] Generated script '<bench>/runs/bo-pip/bin/pip'.
[   23.28] Generated script '<bench>/runs/bo-pip/bin/pip3'.
[   23.28] Generated script '<bench>/runs/bo-pip/bin/wheel'.
[   23.28] Generated script '<bench>/runs/bo-pip/bin/buildout'.
[   23.28] Installing z3c_checkversions.
[   23.33] Generated script '<bench>/runs/bo-pip/bin/checkversions'.
[   23.33] Installing ploneversioncheck.
[   23.38] Generated script '<bench>/runs/bo-pip/bin/versioncheck'.
[   23.38] Installing dependencies.
[   23.43] Generated script '<bench>/runs/bo-pip/bin/dependencychecker'.
[   23.43] Installing zodbupdate.
[   23.79] Generated script '<bench>/runs/bo-pip/bin/zodbupdate'.
[   23.79] Generated script '<bench>/runs/bo-pip/bin/zodbverify'.
[   23.79] Installing vscode.
# exit 0 after 18.40s
