
$ bin/buildout versions:zc.buildout=5.3.0a1 versions:uv=0.12.19 versions:httpcore=1.0.9 versions:grpcio=1.81.0 versions:grpcio-tools=1.81.0 versions:protobuf=6.33.6
[    0.48] <string>:1: UserWarning: 🐎 This Python ([1m<bench>/runs/bo-pip/.venv/bin/python3.13[0m) uses horse-with-no-namespace to make the following pkg_resources namespace packages compatible with PEP 420 namespace packages:
[    0.48]   
[    0.64] <bench>/runs/bo-pip/.venv/lib/python3.13/site-packages/horse_with_no_namespace/pkg_resources.py:54: UserWarning: pkg_resources is deprecated as an API. See https://setuptools.pypa.io/en/latest/pkg_resources.html. The pkg_resources package is slated for removal as early as 2025-11-30. Refrain from using this package or pin to Setuptools<81.
[    0.64]   import pkg_resources
[    1.48] optional-extends file not found: local.cfg
[    1.48] mr.developer: Queued 'Plone' for checkout.
[    1.55] mr.developer: Queued 'Products.CMFPlone' for checkout.
[    1.63] mr.developer: Queued 'mockup' for checkout.
[    1.70] mr.developer: Queued 'plone.app.locales' for checkout.
[    1.74] mr.developer: Queued 'plone.app.upgrade' for checkout.
[    1.84] mr.developer: Queued 'plone.restapi' for checkout.
[    2.99] mr.developer: Updated 'Plone' with git.
[    2.99] mr.developer: Switching to branch '6.2.x'.
[    2.99] mr.developer: Updated 'plone.app.upgrade' with git.
[    2.99] mr.developer: Switching to branch 'master'.
[    3.25] mr.developer: Updated 'mockup' with git.
[    3.25] mr.developer: Switching to branch '5.6.x'.
[    3.34] mr.developer: Updated 'Products.CMFPlone' with git.
[    3.34] mr.developer: Switching to branch '6.2.x'.
[    3.39] mr.developer: Updated 'plone.app.locales' with git.
[    3.39] mr.developer: Switching to branch 'master'.
[    3.98] mr.developer: Updated 'plone.restapi' with git.
[    3.98] mr.developer: Switching to branch 'main'.
[    4.32] Develop: '<bench>/runs/bo-pip/src/Plone'
[    4.32] Develop: '<bench>/runs/bo-pip/src/plone.app.locales'
[    4.32] Develop: '<bench>/runs/bo-pip/src/plone.app.upgrade'
[    4.32] Develop: '<bench>/runs/bo-pip/src/plone.restapi'
[    4.32] Develop: '<bench>/runs/bo-pip/src/Products.CMFPlone'
[    4.36] <bench>/runs/bo-pip/.venv/lib/python3.13/site-packages/zc/buildout/easy_install.py:2107: UserWarning: Module zc was already imported from None, but <bench>/runs/bo-pip/eggs/v5/zc.recipe.egg-4.0.0-py3.13-macosx-26.6-arm64.egg is being added to sys.path
[    4.36]   ws.add(dist)
[    4.42] <bench>/runs/bo-pip/.venv/lib/python3.13/site-packages/zc/buildout/easy_install.py:2107: UserWarning: Module plone was already imported from None, but <bench>/runs/bo-pip/eggs/v5/plone.recipe.zope2instance-9.1.0-py3.13-macosx-26.6-arm64.egg is being added to sys.path
[    4.42]   ws.add(dist)
[    4.46] <bench>/runs/bo-pip/.venv/lib/python3.13/site-packages/zc/buildout/easy_install.py:2107: UserWarning: Module zc was already imported from None, but <bench>/runs/bo-pip/eggs/v5/zc.lockfile-4.0-py3.13-macosx-26.6-arm64.egg is being added to sys.path
[    4.46]   ws.add(dist)
[    4.66] <bench>/runs/bo-pip/.venv/lib/python3.13/site-packages/zc/buildout/easy_install.py:2107: UserWarning: Module zc was already imported from None, but <bench>/runs/bo-pip/eggs/v5/zc.recipe.testrunner-4.2.post1-py3.13-macosx-26.6-arm64.egg is being added to sys.path
[    4.66]   ws.add(dist)
[    5.51] Uninstalling instance-cmfplone.
[    5.51] Uninstalling instance.
[    5.51] Updating _mr.developer.
[    5.56] Installing instance.
[    6.09] Generated script '<bench>/runs/bo-pip/bin/instance'.
[    6.09] Generated interpreter '<bench>/runs/bo-pip/parts/instance/bin/interpreter'.
[    6.47] Generated script '<bench>/runs/bo-pip/bin/zodbverify'.
[    6.47] Updating test.
[    7.32] Generated script '<bench>/runs/bo-pip/bin/test'.
[    7.32] Installing instance-cmfplone.
[    7.65] Generated script '<bench>/runs/bo-pip/bin/instance-cmfplone'.
[    7.65] Generated interpreter '<bench>/runs/bo-pip/parts/instance-cmfplone/bin/interpreter'.
[    7.96] Updating robot.
[    8.60] Generated script '<bench>/runs/bo-pip/bin/ride'.
[    8.60] Generated script '<bench>/runs/bo-pip/bin/robot'.
[    8.61] Generated script '<bench>/runs/bo-pip/bin/robot-debug'.
[    8.61] Generated script '<bench>/runs/bo-pip/bin/robot-server'.
[    8.61] Generated script '<bench>/runs/bo-pip/bin/rfbrowser'.
[    8.61] Updating zopescripts.
[    9.02] Generated script '<bench>/runs/bo-pip/bin/zodbverify'.
[    9.02] Updating zopepy.
[    9.60] Updating packages.
[    9.68] packages: (While processing egg Zope) Link already exists (<bench>/runs/bo-pip/eggs/v5/Zope-6.2-py3.13-macosx-26.6-arm64.egg/Products -> <bench>/runs/bo-pip/parts/packages/Products).  Skipping.
[    9.77] packages: Warning: (While processing egg cffi) Package '_cffi_backend' not found.  Skipping.
[    9.78] packages: Warning: (While processing egg charset-normalizer) Package 'ada92cb5d92a588d1b93__mypyc' not found.  Skipping.
[    9.80] packages: (While processing egg zc-buildout) Link already exists (<bench>/runs/bo-pip/.venv/lib/python3.13/site-packages/zc -> <bench>/runs/bo-pip/parts/packages/zc).  Skipping.
[    9.80] Updating releaser.
[    9.88] Generated script '<bench>/runs/bo-pip/bin/manage'.
[    9.88] Generated script '<bench>/runs/bo-pip/bin/addchangelogentry'.
[    9.88] Generated script '<bench>/runs/bo-pip/bin/bumpversion'.
[    9.88] Generated script '<bench>/runs/bo-pip/bin/fullrelease'.
[    9.88] Generated script '<bench>/runs/bo-pip/bin/lasttagdiff'.
[    9.88] Generated script '<bench>/runs/bo-pip/bin/lasttaglog'.
[    9.89] Generated script '<bench>/runs/bo-pip/bin/longtest'.
[    9.89] Generated script '<bench>/runs/bo-pip/bin/postrelease'.
[    9.89] Generated script '<bench>/runs/bo-pip/bin/prerelease'.
[    9.89] Generated script '<bench>/runs/bo-pip/bin/release'.
[    9.89] Generated script '<bench>/runs/bo-pip/bin/pocompile'.
[    9.89] Generated script '<bench>/runs/bo-pip/bin/pyroma'.
[    9.89] Generated script '<bench>/runs/bo-pip/bin/pep440'.
[    9.89] Generated script '<bench>/runs/bo-pip/bin/check-manifest'.
[    9.89] Generated script '<bench>/runs/bo-pip/bin/twine'.
[    9.89] Generated script '<bench>/runs/bo-pip/bin/pyproject-build'.
[    9.90] Generated script '<bench>/runs/bo-pip/bin/docutils'.
[    9.90] Generated script '<bench>/runs/bo-pip/bin/rst2html'.
[    9.90] Generated script '<bench>/runs/bo-pip/bin/rst2html4'.
[    9.90] Generated script '<bench>/runs/bo-pip/bin/rst2html5'.
[    9.90] Generated script '<bench>/runs/bo-pip/bin/rst2latex'.
[    9.90] Generated script '<bench>/runs/bo-pip/bin/rst2man'.
[    9.90] Generated script '<bench>/runs/bo-pip/bin/rst2odt'.
[    9.90] Generated script '<bench>/runs/bo-pip/bin/rst2pseudoxml'.
[    9.90] Generated script '<bench>/runs/bo-pip/bin/rst2s5'.
[    9.90] Generated script '<bench>/runs/bo-pip/bin/rst2xetex'.
[    9.90] Generated script '<bench>/runs/bo-pip/bin/rst2xml'.
[    9.90] Generated script '<bench>/runs/bo-pip/bin/trove-classifiers'.
[    9.91] Generated script '<bench>/runs/bo-pip/bin/pygmentize'.
[    9.91] Generated script '<bench>/runs/bo-pip/bin/keyring'.
[    9.91] Generated script '<bench>/runs/bo-pip/bin/idna'.
[    9.91] Generated script '<bench>/runs/bo-pip/bin/normalizer'.
[    9.91] Generated script '<bench>/runs/bo-pip/bin/towncrier'.
[    9.91] Generated script '<bench>/runs/bo-pip/bin/markdown-it'.
[    9.91] Generated script '<bench>/runs/bo-pip/bin/cffi-gen-src'.
[    9.91] Generated script '<bench>/runs/bo-pip/bin/pip'.
[    9.91] Generated script '<bench>/runs/bo-pip/bin/pip3'.
[    9.91] Generated script '<bench>/runs/bo-pip/bin/wheel'.
[    9.91] Generated script '<bench>/runs/bo-pip/bin/buildout'.
[    9.91] Updating z3c_checkversions.
[    9.96] Updating ploneversioncheck.
[   10.01] Updating dependencies.
[   10.06] Generated script '<bench>/runs/bo-pip/bin/dependencychecker'.
[   10.06] Updating zodbupdate.
[   10.43] Generated script '<bench>/runs/bo-pip/bin/zodbverify'.
[   10.43] Updating vscode.
# exit 0 after 10.60s
