
$ <python3.13> -m venv .venv
# exit 0 after 1.48s

$ .venv/bin/pip install pip==26.2.1 setuptools==81.0.0 wheel==0.48.0 horse-with-no-namespace==20260202.0 zc.buildout==5.3.0a1 uv==0.12.19
[    2.31] Collecting pip==26.2.1
[    2.47]   Downloading pip-26.2.1-py3-none-any.whl.metadata (4.6 kB)
[    2.68] Collecting setuptools==81.0.0
[    2.79]   Downloading setuptools-81.0.0-py3-none-any.whl.metadata (6.6 kB)
[    2.85] Collecting wheel==0.48.0
[    2.89]   Downloading wheel-0.48.0-py3-none-any.whl.metadata (2.3 kB)
[    2.93] Collecting horse-with-no-namespace==20260202.0
[    2.97]   Downloading horse_with_no_namespace-20260202.0-py3-none-any.whl.metadata (4.6 kB)
[    3.03] Collecting zc.buildout==5.3.0a1
[    3.07]   Downloading zc_buildout-5.3.0a1-py3-none-any.whl.metadata (26 kB)
[    3.45] Collecting uv==0.12.19
[    3.49]   Downloading uv-0.12.19-py3-none-macosx_11_0_arm64.whl.metadata (11 kB)
[    3.54] Collecting packaging>=24.0 (from wheel==0.48.0)
[    3.57]   Downloading packaging-26.3-py3-none-any.whl.metadata (3.5 kB)
[    3.65] Downloading pip-26.2.1-py3-none-any.whl (1.8 MB)
[    3.97]    ━━━━━━━━━━━━━━━━━━━━━━━━━━━━━━━━━━━━━━━━ 1.8/1.8 MB 9.5 MB/s  0:00:00
[    4.01] Downloading setuptools-81.0.0-py3-none-any.whl (1.1 MB)
[    4.09]    ━━━━━━━━━━━━━━━━━━━━━━━━━━━━━━━━━━━━━━━━ 1.1/1.1 MB 11.7 MB/s  0:00:00
[    4.13] Downloading wheel-0.48.0-py3-none-any.whl (33 kB)
[    4.17] Downloading horse_with_no_namespace-20260202.0-py3-none-any.whl (6.2 kB)
[    4.22] Downloading zc_buildout-5.3.0a1-py3-none-any.whl (418 kB)
[    4.39] Downloading uv-0.12.19-py3-none-macosx_11_0_arm64.whl (17.1 MB)
[    5.67]    ━━━━━━━━━━━━━━━━━━━━━━━━━━━━━━━━━━━━━━━━ 17.1/17.1 MB 13.3 MB/s  0:00:01
[    5.71] Downloading packaging-26.3-py3-none-any.whl (129 kB)
[    5.76] Installing collected packages: uv, setuptools, pip, packaging, horse-with-no-namespace, wheel, zc.buildout
[    7.08]   Attempting uninstall: pip
[    7.08]     Found existing installation: pip 25.2
[    7.09]     Uninstalling pip-25.2:
[    7.10]       Successfully uninstalled pip-25.2
[    7.93] 
[    7.93] Successfully installed horse-with-no-namespace-20260202.0 packaging-26.3 pip-26.2.1 setuptools-81.0.0 uv-0.12.19 wheel-0.48.0 zc.buildout-5.3.0a1
# exit 0 after 6.49s

$ .venv/bin/buildout buildout:installer=uv versions:zc.buildout=5.3.0a1 versions:uv=0.12.19 versions:httpcore=1.0.9 versions:grpcio=1.81.0 versions:grpcio-tools=1.81.0 versions:protobuf=6.33.6
[    8.32] <string>:1: UserWarning: 🐎 This Python ([1m<bench>/runs/bo-uv/.venv/bin/python3.13[0m) uses horse-with-no-namespace to make the following pkg_resources namespace packages compatible with PEP 420 namespace packages:
[    8.32]   
[    8.37] <bench>/runs/bo-uv/.venv/lib/python3.13/site-packages/horse_with_no_namespace/pkg_resources.py:54: UserWarning: pkg_resources is deprecated as an API. See https://setuptools.pypa.io/en/latest/pkg_resources.html. The pkg_resources package is slated for removal as early as 2025-11-30. Refrain from using this package or pin to Setuptools<81.
[    8.37]   import pkg_resources
[    9.34] optional-extends file not found: local.cfg
[    9.34] With installer = uv, credentials in ~/.pypirc are not used; uv reads them from ~/.netrc instead.
[    9.34] Creating directory '<bench>/runs/bo-uv/eggs/v5'.
[    9.34] With installer = uv, the allow-hosts option is not enforced: uv has no host allow-list (its --allow-insecure-host flag is TLS policy, not filtering).
[    9.34] Getting distribution for 'mr.developer==3.0.0'.
[    9.34] Getting distribution for 'plone.versioncheck==2.0.1'.
[   11.35] Got mr.developer 3.0.0.
[   11.35] Got plone.versioncheck 2.0.1.
[   11.35] Got anyio 4.14.2.
[   11.35] Got certifi 2026.7.22.
[   11.35] Got colorama 0.4.6.
[   11.35] Got h11 0.16.0.
[   11.35] Got httpcore 1.0.9.
[   11.35] Got httpx 0.28.1.
[   11.35] Got idna 3.18.
[   11.35] Got Jinja2 3.1.6.
[   11.35] Got MarkupSafe 3.0.3.
[   11.47] mr.developer: Queued 'Plone' for checkout.
[   11.75] mr.developer: Queued 'Products.CMFPlone' for checkout.
[   11.93] mr.developer: Queued 'mockup' for checkout.
[   13.47] mr.developer: Queued 'plone.app.locales' for checkout.
[   13.56] mr.developer: Queued 'plone.app.upgrade' for checkout.
[   14.47] mr.developer: Queued 'plone.restapi' for checkout.
[   15.58] mr.developer: Updated 'Plone' with git.
[   15.58] mr.developer: Switching to branch '6.2.x'.
[   15.75] mr.developer: Updated 'plone.app.upgrade' with git.
[   15.75] mr.developer: Switching to branch 'master'.
[   16.08] mr.developer: Updated 'plone.app.locales' with git.
[   16.08] mr.developer: Switching to branch 'master'.
[   16.12] mr.developer: Updated 'mockup' with git.
[   16.12] mr.developer: Switching to branch '5.6.x'.
[   16.43] mr.developer: Updated 'Products.CMFPlone' with git.
[   16.43] mr.developer: Switching to branch '6.2.x'.
[   16.77] mr.developer: Updated 'plone.restapi' with git.
[   16.77] mr.developer: Switching to branch 'main'.
[   16.78] Creating directory '<bench>/runs/bo-uv/bin'.
[   16.78] Creating directory '<bench>/runs/bo-uv/parts'.
[   16.78] Creating directory '<bench>/runs/bo-uv/develop-eggs'.
[   16.80] Develop: '<bench>/runs/bo-uv/src/Plone'
[   18.06] Develop: '<bench>/runs/bo-uv/src/plone.app.locales'
[   19.72] Develop: '<bench>/runs/bo-uv/src/plone.app.upgrade'
[   20.42] Develop: '<bench>/runs/bo-uv/src/plone.restapi'
[   21.33] Develop: '<bench>/runs/bo-uv/src/Products.CMFPlone'
[   22.13] Getting distribution for 'zc.recipe.egg==4.0.0'.
[   22.93] Got zc.recipe.egg 4.0.0.
[   22.93] <bench>/runs/bo-uv/.venv/lib/python3.13/site-packages/zc/buildout/easy_install.py:1687: UserWarning: Module zc was already imported from None, but <bench>/runs/bo-uv/eggs/v5/zc.recipe.egg-4.0.0-py3.13-macosx-26.6-arm64.egg is being added to sys.path
[   22.93]   ws.add(dist, replace=True)
[   22.95] Getting distribution for 'plone.recipe.zope2instance==9.1.0'.
[   29.06] Got plone.recipe.zope2instance 9.1.0.
[   29.06] <bench>/runs/bo-uv/.venv/lib/python3.13/site-packages/zc/buildout/easy_install.py:1687: UserWarning: Module plone was already imported from None, but <bench>/runs/bo-uv/eggs/v5/plone.recipe.zope2instance-9.1.0-py3.13-macosx-26.6-arm64.egg is being added to sys.path
[   29.06]   ws.add(dist, replace=True)
[   29.06] Got AccessControl 7.4.
[   29.06] Got Acquisition 6.2.
[   29.06] Got AuthEncoding 6.0.
[   29.06] Got beautifulsoup4 4.15.0.
[   29.06] Got BTrees 6.4.
[   29.06] Got cffi 2.1.1.
[   29.06] Got Chameleon 4.6.0.
[   29.06] Got DateTime 6.0.
[   29.06] Got DocumentTemplate 5.3.
[   29.06] Got ExtensionClass 6.3.
[   29.06] Got legacy-cgi 2.6.4.
[   29.06] Got MultiMapping 5.1.
[   29.06] Got multipart 2.0.0.
[   29.06] Got Paste 3.10.1.
[   29.06] Got PasteDeploy 3.1.0.
[   29.06] Got Persistence 5.4.
[   29.06] Got persistent 6.7.
[   29.06] Got pycparser 3.0.
[   29.06] Got python-dotenv 1.2.3.
[   29.06] Got python-gettext 5.0.
[   29.06] Got pytz 2026.3.post1.
[   29.06] Got RestrictedPython 8.5.
[   29.06] Got roman 5.2.
[   29.06] Got soupsieve 2.9.1.
[   29.06] Got transaction 5.1.
[   29.06] Got typing-extensions 4.16.0.
[   29.06] Got waitress 3.0.2.
[   29.06] Got WebOb 1.8.11.
[   29.06] Got WebTest 3.0.7.
[   29.06] Got WSGIProxy2 0.5.1.
[   29.06] Got z3c.pt 5.1.
[   29.06] Got zc.lockfile 4.0.
[   29.06] <bench>/runs/bo-uv/.venv/lib/python3.13/site-packages/zc/buildout/easy_install.py:1687: UserWarning: Module zc was already imported from None, but <bench>/runs/bo-uv/eggs/v5/zc.lockfile-4.0-py3.13-macosx-26.6-arm64.egg is being added to sys.path
[   29.06]   ws.add(dist, replace=True)
[   29.06] Got ZConfig 4.3.
[   29.06] Got zdaemon 5.2.1.
[   29.06] Got ZEO 6.2.
[   29.06] Got zExceptions 6.0.
[   29.06] Got ZODB 6.3.
[   29.06] Got zodbpickle 4.4.
[   29.06] Got Zope 6.2.
[   29.06] Got zope.annotation 6.0.
[   29.06] Got zope.browser 4.0.
[   29.06] Got zope.browsermenu 6.0.
[   29.06] Got zope.browserpage 6.0.
[   29.06] Got zope.browserresource 6.0.
[   29.06] Got zope.cachedescriptors 6.0.
[   29.06] Got zope.component 7.1.
[   29.06] Got zope.configuration 7.1.
[   29.06] Got zope.container 7.2.
[   29.06] Got zope.contentprovider 7.0.
[   29.06] Got zope.contenttype 6.0.
[   29.06] Got zope.datetime 6.0.
[   29.06] Got zope.deferredimport 6.1.1.
[   29.06] Got zope.deprecation 6.0.
[   29.06] Got zope.dottedname 7.1.
[   29.06] Got zope.event 6.2.
[   29.06] Got zope.exceptions 6.0.
[   29.06] Got zope.filerepresentation 7.0.
[   29.06] Got zope.globalrequest 3.0.
[   29.06] Got zope.hookable 8.2.
[   29.06] Got zope.i18n 6.0.
[   29.06] Got zope.i18nmessageid 8.2.
[   29.06] Got zope.interface 8.5.
[   29.06] Got zope.lifecycleevent 6.0.
[   29.06] Got zope.location 6.0.
[   29.06] Got zope.pagetemplate 6.1.
[   29.06] Got zope.processlifetime 4.0.
[   29.06] Got zope.proxy 7.2.
[   29.06] Got zope.ptresource 6.0.
[   29.06] Got zope.publisher 8.1.
[   29.06] Got zope.schema 8.1.
[   29.06] Got zope.security 8.3.
[   29.06] Got zope.sequencesort 6.0.
[   29.06] Got zope.site 6.0.
[   29.06] Got zope.size 6.0.
[   29.06] Got zope.structuredtext 6.0.
[   29.06] Got zope.tal 6.0.
[   29.06] Got zope.tales 7.0.
[   29.06] Got zope.testbrowser 8.0.
[   29.06] Got zope.testing 6.2.
[   29.06] Got zope.traversing 6.0.
[   29.06] Got zope.viewlet 6.0.
[   29.17] Getting distribution for 'zc.recipe.testrunner==4.2.post1'.
[   30.22] Got zc.recipe.testrunner 4.2.post1.
[   30.22] <bench>/runs/bo-uv/.venv/lib/python3.13/site-packages/zc/buildout/easy_install.py:1687: UserWarning: Module zc was already imported from None, but <bench>/runs/bo-uv/eggs/v5/zc.recipe.testrunner-4.2.post1-py3.13-macosx-26.6-arm64.egg is being added to sys.path
[   30.22]   ws.add(dist, replace=True)
[   30.22] Got zope.testrunner 8.3.
[   30.26] Getting distribution for 'collective.recipe.omelette==3.0.0'.
[   31.29] Got collective.recipe.omelette 3.0.0.
[   31.33] Getting distribution for 'collective.recipe.vscode==0.1.9'.
[   32.19] Got collective.recipe.vscode 0.1.9.
[   32.87] Installing _mr.developer.
[   32.89] Generated script '<bench>/runs/bo-uv/bin/develop'.
[   32.89] Installing instance.
[   33.00] Getting distribution for 'zodbverify==1.2.1'.
[   33.00] Getting distribution for 'pdbpp==0.12.1'.
[   33.00] Getting distribution for 'Products.CMFPlacefulWorkflow==4.0.0'.
[   33.00] Getting distribution for 'plone.volto==6.0.1'.
[   33.00] Getting distribution for 'plone.classicui==2.0.0'.
[   33.00] Getting distribution for 'plone.app.multilingual==9.0.2'.
[   33.00] Getting distribution for 'plone.app.iterate==7.0.0'.
[   33.00] Getting distribution for 'plone.app.discussion==6.0.1'.
[   33.00] Getting distribution for 'plone.app.caching==5.0.0'.
[   33.00] Getting distribution for 'zope.ramcache==4.0'.
[   33.00] Getting distribution for 'zope.intid==6.0'.
[   33.00] Getting distribution for 'zope.app.locales==6.0'.
[   33.00] Getting distribution for 'zc.relation==3.0'.
[   33.00] Getting distribution for 'z3c.relationfield==3.1'.
[   33.00] Getting distribution for 'z3c.form==6.1'.
[   33.00] Getting distribution for 'z3c.caching==4.0'.
[   33.00] Getting distribution for 'webresource==2.0.0'.
[   33.00] Getting distribution for 'Products.ZCatalog==7.4'.
[   33.00] Getting distribution for 'Products.statusmessages==6.0.0'.
[   33.00] Getting distribution for 'Products.SiteErrorLog==7.0'.
[   33.00] Getting distribution for 'Products.PortalTransforms==5.0.0'.
[   33.00] Getting distribution for 'Products.PluggableAuthService==4.2.2'.
[   33.00] Getting distribution for 'Products.PlonePAS==9.0.0'.
[   33.00] Getting distribution for 'Products.MimetypesRegistry==4.0.0'.
[   33.00] Getting distribution for 'Products.isurlinportal==4.0.0'.
[   33.00] Getting distribution for 'Products.ExtendedPathIndex==6.0.0'.
[   33.00] Getting distribution for 'Products.DCWorkflow==4.0'.
[   33.00] Getting distribution for 'Products.CMFCore==3.8'.
[   33.00] Getting distribution for 'Products.CMFEditions==5.0.0'.
[   33.00] Getting distribution for 'plonetheme.barceloneta==4.1.1'.
[   33.00] Getting distribution for 'plone.uuid==3.0.0'.
[   33.00] Getting distribution for 'plone.theme==5.0.0'.
[   33.00] Getting distribution for 'plone.subrequest==3.0.0'.
[   33.00] Getting distribution for 'plone.staticresources==3.0.9'.
[   33.00] Getting distribution for 'plone.session==5.1.0'.
[   33.00] Getting distribution for 'plone.schema==3.0.0'.
[   33.00] Getting distribution for 'plone.rfc822==4.0.0'.
[   33.00] Getting distribution for 'plone.resource==4.0.0'.
[   33.00] Getting distribution for 'plone.protect==6.0.0'.
[   33.00] Getting distribution for 'plone.portlets==4.0.0'.
[   33.00] Getting distribution for 'plone.portlet.static==5.0.0'.
[   33.00] Getting distribution for 'plone.portlet.collection==5.0.1'.
[   33.00] Getting distribution for 'plone.outputfilters==6.0.1'.
[   33.00] Getting distribution for 'plone.namedfile==8.1.1'.
[   33.00] Getting distribution for 'plone.memoize==4.0.0'.
[   33.00] Getting distribution for 'plone.locking==4.0.0'.
[   33.00] Getting distribution for 'plone.keyring==5.0.0'.
[   33.00] Getting distribution for 'plone.intelligenttext==5.0.0'.
[   33.00] Getting distribution for 'plone.indexer==3.0.0'.
[   33.00] Getting distribution for 'plone.i18n==6.0.0'.
[   33.00] Getting distribution for 'plone.formwidget.namedfile==4.0.0'.
[   33.00] Getting distribution for 'plone.folder==5.0.0'.
[   33.00] Getting distribution for 'plone.dexterity==4.0.0'.
[   33.00] Getting distribution for 'plone.contentrules==4.0.0'.
[   33.00] Getting distribution for 'plone.browserlayer==4.0.0'.
[   33.00] Getting distribution for 'plone.base==4.0.2'.
[   33.00] Getting distribution for 'plone.autoinclude==3.0.0'.
[   33.00] Getting distribution for 'plone.autoform==3.0.1'.
[   33.00] Getting distribution for 'plone.app.z3cform==5.0.2'.
[   33.00] Getting distribution for 'plone.app.workflow==6.0.0'.
[   33.00] Getting distribution for 'plone.app.vocabularies==7.0.0'.
[   33.00] Getting distribution for 'plone.app.viewletmanager==5.0.0'.
[   33.00] Getting distribution for 'plone.app.uuid==3.0.0'.
[   33.00] Getting distribution for 'plone.app.users==4.0.0'.
[   33.00] Getting distribution for 'plone.app.theming==7.0.1'.
[   33.00] Getting distribution for 'plone.app.registry==3.0.1'.
[   33.00] Getting distribution for 'plone.app.relationfield==5.0.0'.
[   33.00] Getting distribution for 'plone.app.redirector==4.0.0'.
[   33.00] Getting distribution for 'plone.app.portlets==7.0.2'.
[   33.00] Getting distribution for 'plone.app.linkintegrity==5.0.0'.
[   33.00] Getting distribution for 'plone.app.layout==6.0.2'.
[   33.00] Getting distribution for 'plone.app.i18n==5.0.0'.
[   33.00] Getting distribution for 'plone.app.dexterity==5.0.2'.
[   33.00] Getting distribution for 'plone.app.customerize==3.0.1'.
[   33.00] Getting distribution for 'plone.app.contenttypes==5.0.1'.
[   33.00] Getting distribution for 'plone.app.contentrules==6.0.0'.
[   33.00] Getting distribution for 'plone.app.contentmenu==4.0.0'.
[   33.00] Getting distribution for 'plone.app.contentlisting==4.0.0'.
[   33.00] Getting distribution for 'plone.app.content==5.0.0'.
[   33.00] Getting distribution for 'lxml==6.1.3'.
[   33.00] Getting distribution for 'five.intid==3.1.0'.
[   33.00] Getting distribution for 'five.customerize==4.1'.
[   33.00] Getting distribution for 'borg.localrole==5.0.1'.
[   33.00] Getting distribution for 'PyJWT==2.13.0'.
[   33.00] Getting distribution for 'plone.rest==6.0.0'.
[   33.00] Getting distribution for 'plone.api==3.0.3'.
[   33.00] Getting distribution for 'python-dateutil==2.9.0.post0'.
[   33.00] Getting distribution for 'plone.registry==3.0.1'.
[   33.00] Getting distribution for 'Products.GenericSetup==5.2'.
[   54.08] Got zodbverify 1.2.1.
[   54.08] Got pdbpp 0.12.1.
[   54.08] Got Products.CMFPlacefulWorkflow 4.0.0.
[   54.08] Got plone.volto 6.0.1.
[   54.08] Got plone.classicui 2.0.0.
[   54.08] Got plone.app.multilingual 9.0.2.
[   54.08] Got plone.app.iterate 7.0.0.
[   54.08] Got plone.app.discussion 6.0.1.
[   54.08] Got plone.app.caching 5.0.0.
[   54.08] Got zope.ramcache 4.0.
[   54.08] Got zope.intid 6.0.
[   54.08] Got zope.app.locales 6.0.
[   54.08] Got zc.relation 3.0.
[   54.08] Got z3c.relationfield 3.1.
[   54.08] Got z3c.form 6.1.
[   54.08] Got z3c.caching 4.0.
[   54.08] Got webresource 2.0.0.
[   54.08] Got Products.ZCatalog 7.4.
[   54.08] Got Products.statusmessages 6.0.0.
[   54.08] Got Products.SiteErrorLog 7.0.
[   54.08] Got Products.PortalTransforms 5.0.0.
[   54.08] Got Products.PluggableAuthService 4.2.2.
[   54.08] Got Products.PlonePAS 9.0.0.
[   54.08] Got Products.MimetypesRegistry 4.0.0.
[   54.08] Got Products.isurlinportal 4.0.0.
[   54.08] Got Products.ExtendedPathIndex 6.0.0.
[   54.08] Got Products.DCWorkflow 4.0.
[   54.08] Got Products.CMFCore 3.8.
[   54.08] Got Products.CMFEditions 5.0.0.
[   54.08] Got plonetheme.barceloneta 4.1.1.
[   54.08] Got plone.uuid 3.0.0.
[   54.08] Got plone.theme 5.0.0.
[   54.08] Got plone.subrequest 3.0.0.
[   54.08] Got plone.staticresources 3.0.9.
[   54.08] Got plone.session 5.1.0.
[   54.08] Got plone.schema 3.0.0.
[   54.08] Got plone.rfc822 4.0.0.
[   54.08] Got plone.resource 4.0.0.
[   54.08] Got plone.protect 6.0.0.
[   54.08] Got plone.portlets 4.0.0.
[   54.08] Got plone.portlet.static 5.0.0.
[   54.08] Got plone.portlet.collection 5.0.1.
[   54.08] Got plone.outputfilters 6.0.1.
[   54.08] Got plone.namedfile 8.1.1.
[   54.08] Got plone.memoize 4.0.0.
[   54.08] Got plone.locking 4.0.0.
[   54.08] Got plone.keyring 5.0.0.
[   54.08] Got plone.intelligenttext 5.0.0.
[   54.08] Got plone.indexer 3.0.0.
[   54.08] Got plone.i18n 6.0.0.
[   54.08] Got plone.formwidget.namedfile 4.0.0.
[   54.08] Got plone.folder 5.0.0.
[   54.08] Got plone.dexterity 4.0.0.
[   54.08] Got plone.contentrules 4.0.0.
[   54.08] Got plone.browserlayer 4.0.0.
[   54.08] Got plone.base 4.0.2.
[   54.08] Got plone.autoinclude 3.0.0.
[   54.08] Got plone.autoform 3.0.1.
[   54.08] Got plone.app.z3cform 5.0.2.
[   54.08] Got plone.app.workflow 6.0.0.
[   54.08] Got plone.app.vocabularies 7.0.0.
[   54.08] Got plone.app.viewletmanager 5.0.0.
[   54.08] Got plone.app.uuid 3.0.0.
[   54.08] Got plone.app.users 4.0.0.
[   54.08] Got plone.app.theming 7.0.1.
[   54.08] Got plone.app.registry 3.0.1.
[   54.08] Got plone.app.relationfield 5.0.0.
[   54.08] Got plone.app.redirector 4.0.0.
[   54.08] Got plone.app.portlets 7.0.2.
[   54.08] Got plone.app.linkintegrity 5.0.0.
[   54.08] Got plone.app.layout 6.0.2.
[   54.08] Got plone.app.i18n 5.0.0.
[   54.08] Got plone.app.dexterity 5.0.2.
[   54.08] Got plone.app.customerize 3.0.1.
[   54.08] Got plone.app.contenttypes 5.0.1.
[   54.08] Got plone.app.contentrules 6.0.0.
[   54.08] Got plone.app.contentmenu 4.0.0.
[   54.08] Got plone.app.contentlisting 4.0.0.
[   54.08] Got plone.app.content 5.0.0.
[   54.08] Got lxml 6.1.3.
[   54.08] Got five.intid 3.1.0.
[   54.08] Got five.customerize 4.1.
[   54.08] Got borg.localrole 5.0.1.
[   54.08] Got PyJWT 2.13.0.
[   54.08] Got plone.rest 6.0.0.
[   54.08] Got plone.api 3.0.3.
[   54.08] Got python-dateutil 2.9.0.post0.
[   54.08] Got plone.registry 3.0.1.
[   54.08] Got Products.GenericSetup 5.2.
[   54.08] Got attrs 26.1.0.
[   54.08] Got charset-normalizer 3.4.9.
[   54.08] Got collective.monkeypatcher 3.0.0.
[   54.08] Got cssselect 1.5.0.
[   54.08] Got decorator 5.3.1.
[   54.08] Got diazo 2.0.6.
[   54.08] Got docutils 0.22.4.
[   54.08] Got fancycompleter 0.11.1.
[   54.08] Got feedparser 6.0.14.
[   54.08] Got feedparser-sgmllib 2.1.0.
[   54.08] Got five.localsitemanager 5.0.
[   54.08] Got icalendar 7.3.0.
[   54.08] Got jsonschema 4.26.0.
[   54.08] Got jsonschema-specifications 2025.9.1.
[   54.08] Got lxml-html-clean 0.4.5.
[   54.08] Got Markdown 3.10.3.
[   54.08] Got Missing 5.2.
[   54.08] Got piexif 1.1.3.
[   54.08] Got pillow 12.3.0.
[   54.08] Got plone.alterego 3.0.0.
[   54.08] Got plone.app.event 6.0.1.
[   54.08] Got plone.app.intid 3.0.0.
[   54.08] Got plone.app.lockingbehavior 3.0.0.
[   54.08] Got plone.app.querystring 3.0.0.
[   54.08] Got plone.app.textfield 4.0.2.
[   54.08] Got plone.app.versioningbehavior 3.0.0.
[   54.08] Got plone.batching 3.0.1.
[   54.08] Got plone.behavior 3.0.1.
[   54.08] Got plone.cachepurging 4.0.0.
[   54.08] Got plone.caching 3.0.0.
[   54.08] Got plone.distribution 4.0.0.
[   54.08] Got plone.event 3.0.0.
[   54.08] Got plone.exportimport 2.1.0.
[   54.08] Got plone.formwidget.recurrence 4.0.0.
[   54.08] Got plone.resourceeditor 5.0.0.
[   54.08] Got plone.scale 5.1.0.
[   54.08] Got plone.schemaeditor 5.0.1.
[   54.08] Got plone.stringinterp 3.0.0.
[   54.08] Got plone.supermodel 3.0.0.
[   54.08] Got plone.transformchain 4.0.0.
[   54.08] Got plone.z3cform 3.0.0.
[   54.08] Got Products.BTreeFolder2 6.0.
[   54.08] Got Products.CMFDiffTool 5.0.0.
[   54.08] Got Products.CMFDynamicViewFTI 8.0.0.
[   54.08] Got Products.CMFUid 5.0.
[   54.08] Got Products.DateRecurringIndex 4.0.0.
[   54.08] Got Products.ExternalMethod 6.1.
[   54.08] Got Products.MailHost 6.1.
[   54.08] Got Products.PluginRegistry 3.1.
[   54.08] Got Products.PythonScripts 5.3.1.
[   54.08] Got Products.Sessions 6.2.
[   54.08] Got Products.StandardCacheManagers 6.1.
[   54.08] Got Products.ZopeVersionControl 5.1.
[   54.08] Got Pygments 2.20.0.
[   54.08] Got Record 4.2.
[   54.08] Got referencing 0.37.0.
[   54.08] Got repoze.xmliter 2.0.
[   54.08] Got requests 2.34.2.
[   54.08] Got rpds-py 2026.6.3.
[   54.08] Got simplejson 4.1.2.
[   54.08] Got six 1.17.0.
[   54.08] Got tzdata 2026.3.
[   54.08] Got Unidecode 1.4.0.
[   54.08] Got urllib3 2.7.0.
[   54.08] Got z3c.formwidget.query 3.0.
[   54.08] Got z3c.objpath 3.0.
[   54.08] Got z3c.unconfigure 3.0.
[   54.08] Got z3c.zcmlhook 3.0.
[   54.08] Got zope.componentvocabulary 4.0.
[   54.08] Got zope.copy 6.0.
[   54.08] Got zope.keyreference 7.0.
[   54.08] Got zope.sendmail 7.2.
[   54.32] Generated script '<bench>/runs/bo-uv/bin/instance'.
[   54.32] Generated interpreter '<bench>/runs/bo-uv/parts/instance/bin/interpreter'.
[   54.74] Generated script '<bench>/runs/bo-uv/bin/zodbverify'.
[   54.74] Installing test.
[   55.10] Getting distribution for 'plone.app.robotframework[test]==3.0.0'.
[   55.10] Getting distribution for 'plone.app.testing[test]==8.0.2'.
[   55.10] Getting distribution for 'plone.app.widgets[test]==6.0.0'.
[   55.10] Getting distribution for 'plone.testing[test]==10.1.0'.
[   55.10] Getting distribution for 'robotsuite==3.0.1'.
[   55.10] Getting distribution for 'robotframework-debuglibrary==2.5.0'.
[   55.10] Getting distribution for 'pytest-plone==1.1.0; extra == "test"'.
[   55.10] Getting distribution for 'responses==0.26.3; extra == "test"'.
[   55.10] Getting distribution for 'manuel==1.13.0; extra == "test"'.
[   55.10] Getting distribution for 'robotsuite==3.0.1; extra == "test"'.
[   55.10] Getting distribution for 'collective.MockMailHost==4.0.0'.
[   55.10] Getting distribution for 'pytest-cov==7.1.0; extra == "test"'.
[   55.10] Getting distribution for 'pytest==9.1.1; extra == "test"'.
[   55.10] Getting distribution for 'zestreleaser.towncrier==2.0.1; extra == "test"'.
[   55.10] Getting distribution for 'zest.releaser[recommended]==9.9.1; extra == "test"'.
[   67.53] Got plone.app.robotframework 3.0.0.
[   67.53] Got plone.app.testing 8.0.2.
[   67.53] Got plone.app.widgets 6.0.0.
[   67.53] Got plone.testing 10.1.0.
[   67.53] Got robotsuite 3.0.1.
[   67.53] Got robotframework-debuglibrary 2.5.0.
[   67.53] Got pytest-plone 1.1.0.
[   67.53] Got responses 0.26.3.
[   67.53] Got manuel 1.13.0.
[   67.53] Got collective.MockMailHost 4.0.0.
[   67.53] Got pytest-cov 7.1.0.
[   67.53] Got pytest 9.1.1.
[   67.53] Got zestreleaser.towncrier 2.0.1.
[   67.53] Got zest.releaser 9.9.1.
[   67.53] Got babel 2.18.0.
[   67.53] Got build 1.6.0.
[   67.53] Got check-manifest 0.51.
[   67.53] Got click 8.5.0.
[   67.53] Got cmarkgfm 2025.10.22.
[   67.53] Got coverage 7.16.0.
[   67.53] Got furl 2.1.4.
[   67.53] Got grpcio 1.81.0.
[   67.53] Got grpcio-tools 1.81.0.
[   67.53] Got id 1.6.1.
[   67.53] Got importlib-metadata 9.0.1.
[   67.53] Got iniconfig 2.3.0.
[   67.53] Got jaraco.classes 3.4.0.
[   67.53] Got jaraco.context 6.1.2.
[   67.53] Got jaraco.functools 4.6.0.
[   67.53] Got keyring 25.7.0.
[   67.53] Got markdown-it-py 4.2.0.
[   67.53] Got mdurl 0.1.2.
[   67.53] Got mock 5.2.0.
[   67.53] Got more-itertools 11.1.0.
[   67.53] Got natsort 8.4.0.
[   67.53] Got nh3 0.3.7.
[   67.53] Got orderedmultidict 1.0.2.
[   67.53] Got outcome 1.3.0.post0.
[   67.53] Got overrides 7.7.0.
[   67.53] Got pep440 0.1.2.
[   67.53] Got pluggy 1.6.0.
[   67.53] Got prompt-toolkit 3.0.53.
[   67.53] Got protobuf 6.33.6.
[   67.53] Got psutil 7.2.2.
[   67.53] Got pyproject-hooks 1.2.0.
[   67.53] Got pyroma 5.0.1.
[   67.53] Got PySocks 1.7.1.
[   67.53] Got PyYAML 6.0.3.
[   67.53] Got readme-renderer 44.0.
[   67.53] Got requests-toolbelt 1.0.0.
[   67.53] Got rfc3986 2.0.0.
[   67.53] Got rich 15.0.0.
[   67.53] Got robotframework 7.3.2.
[   67.53] Got robotframework-assertion-engine 5.0.1.
[   67.53] Got robotframework-browser 20.0.0.
[   67.53] Got robotframework-pythonlibcore 4.6.0.
[   67.53] Got robotframework-selenium2library 3.0.0.
[   67.53] Got robotframework-seleniumlibrary 6.9.0.
[   67.53] Got robotframework-seleniumtestability 2.1.0.
[   67.53] Got seedir 0.5.1.
[   67.53] Got selenium 4.44.0.
[   67.53] Got sniffio 1.3.1.
[   67.53] Got sortedcontainers 2.4.0.
[   67.53] Got towncrier 26.9.0.
[   67.53] Got trio 0.34.0.
[   67.53] Got trio-websocket 0.12.2.
[   67.53] Got trove-classifiers 2026.6.1.19.
[   67.53] Got twine 7.0.0.
[   67.53] Got wcwidth 0.8.3.
[   67.53] Got websocket-client 1.9.2.
[   67.53] Got wrapt 2.4.0.
[   67.53] Got wsproto 1.3.2.
[   67.53] Got zipp 4.1.0.
[   67.53] Got zope.pytestlayer 9.2.
[   68.48] Generated script '<bench>/runs/bo-uv/bin/test'.
[   68.48] Installing instance-cmfplone.
[   68.82] Generated script '<bench>/runs/bo-uv/bin/instance-cmfplone'.
[   68.82] Generated interpreter '<bench>/runs/bo-uv/parts/instance-cmfplone/bin/interpreter'.
[   69.13] Installing robot.
[   69.66] Getting distribution for 'robotframework-selenium2screenshots==0.8.1'.
[   69.66] Getting distribution for 'watchdog==6.0.0; extra == "reload"'.
[   70.58] Got robotframework-selenium2screenshots 0.8.1.
[   70.58] Got watchdog 6.0.0.
[   70.72] Generated script '<bench>/runs/bo-uv/bin/ride'.
[   70.72] Generated script '<bench>/runs/bo-uv/bin/robot'.
[   70.72] Generated script '<bench>/runs/bo-uv/bin/robot-debug'.
[   70.72] Generated script '<bench>/runs/bo-uv/bin/robot-server'.
[   70.72] Generated script '<bench>/runs/bo-uv/bin/rfbrowser'.
[   70.73] Installing zopescripts.
[   71.13] Generated script '<bench>/runs/bo-uv/bin/addzopeuser'.
[   71.13] Generated script '<bench>/runs/bo-uv/bin/mkwsgiinstance'.
[   71.13] Generated script '<bench>/runs/bo-uv/bin/runwsgi'.
[   71.13] Generated script '<bench>/runs/bo-uv/bin/zconsole'.
[   71.13] Generated script '<bench>/runs/bo-uv/bin/zodbverify'.
[   71.13] Installing zopepy.
[   71.69] Generated script '<bench>/runs/bo-uv/bin/plone-register-flags'.
[   71.69] Generated script '<bench>/runs/bo-uv/bin/plone-register-icons'.
[   71.69] Generated interpreter '<bench>/runs/bo-uv/bin/zopepy'.
[   71.69] Installing packages.
[   71.70] packages: (While processing egg five.customerize) Package 'five' is zipped.  Skipping.
[   71.70] packages: (While processing egg plone.alterego) Package 'plone' is zipped.  Skipping.
[   71.70] packages: (While processing egg plone.api) Package 'plone' is zipped.  Skipping.
[   71.70] packages: (While processing egg plone.app.caching) Package 'plone/app' is zipped.  Skipping.
[   71.70] packages: (While processing egg plone.app.caching) Package 'plone' is zipped.  Skipping.
[   71.70] packages: (While processing egg plone.app.content) Package 'plone/app' is zipped.  Skipping.
[   71.70] packages: (While processing egg plone.app.content) Package 'plone' is zipped.  Skipping.
[   71.70] packages: (While processing egg plone.app.contentlisting) Package 'plone/app' is zipped.  Skipping.
[   71.70] packages: (While processing egg plone.app.contentlisting) Package 'plone' is zipped.  Skipping.
[   71.70] packages: (While processing egg plone.app.contentmenu) Package 'plone/app' is zipped.  Skipping.
[   71.70] packages: (While processing egg plone.app.contentmenu) Package 'plone' is zipped.  Skipping.
[   71.70] packages: (While processing egg plone.app.contentrules) Package 'plone/app' is zipped.  Skipping.
[   71.70] packages: (While processing egg plone.app.contentrules) Package 'plone' is zipped.  Skipping.
[   71.70] packages: (While processing egg plone.app.contenttypes) Package 'plone/app' is zipped.  Skipping.
[   71.70] packages: (While processing egg plone.app.contenttypes) Package 'plone' is zipped.  Skipping.
[   71.70] packages: (While processing egg plone.app.customerize) Package 'plone/app' is zipped.  Skipping.
[   71.70] packages: (While processing egg plone.app.customerize) Package 'plone' is zipped.  Skipping.
[   71.70] packages: (While processing egg plone.app.dexterity) Package 'plone/app' is zipped.  Skipping.
[   71.70] packages: (While processing egg plone.app.dexterity) Package 'plone' is zipped.  Skipping.
[   71.70] packages: (While processing egg plone.app.discussion) Package 'plone/app' is zipped.  Skipping.
[   71.70] packages: (While processing egg plone.app.discussion) Package 'plone' is zipped.  Skipping.
[   71.70] packages: (While processing egg plone.app.event) Package 'plone/app' is zipped.  Skipping.
[   71.70] packages: (While processing egg plone.app.event) Package 'plone' is zipped.  Skipping.
[   71.70] packages: (While processing egg plone.app.i18n) Package 'plone/app' is zipped.  Skipping.
[   71.70] packages: (While processing egg plone.app.i18n) Package 'plone' is zipped.  Skipping.
[   71.70] packages: (While processing egg plone.app.intid) Package 'plone/app' is zipped.  Skipping.
[   71.70] packages: (While processing egg plone.app.intid) Package 'plone' is zipped.  Skipping.
[   71.70] packages: (While processing egg plone.app.iterate) Package 'plone/app' is zipped.  Skipping.
[   71.70] packages: (While processing egg plone.app.iterate) Package 'plone' is zipped.  Skipping.
[   71.71] packages: (While processing egg plone.app.layout) Package 'plone/app' is zipped.  Skipping.
[   71.71] packages: (While processing egg plone.app.layout) Package 'plone' is zipped.  Skipping.
[   71.71] packages: (While processing egg plone.app.linkintegrity) Package 'plone/app' is zipped.  Skipping.
[   71.71] packages: (While processing egg plone.app.linkintegrity) Package 'plone' is zipped.  Skipping.
[   71.71] packages: (While processing egg plone.app.lockingbehavior) Package 'plone/app' is zipped.  Skipping.
[   71.71] packages: (While processing egg plone.app.lockingbehavior) Package 'plone' is zipped.  Skipping.
[   71.71] packages: (While processing egg plone.app.multilingual) Package 'plone/app' is zipped.  Skipping.
[   71.71] packages: (While processing egg plone.app.multilingual) Package 'plone' is zipped.  Skipping.
[   71.71] packages: (While processing egg plone.app.portlets) Package 'plone/app' is zipped.  Skipping.
[   71.71] packages: (While processing egg plone.app.portlets) Package 'plone' is zipped.  Skipping.
[   71.71] packages: (While processing egg plone.app.querystring) Package 'plone/app' is zipped.  Skipping.
[   71.71] packages: (While processing egg plone.app.querystring) Package 'plone' is zipped.  Skipping.
[   71.71] packages: (While processing egg plone.app.redirector) Package 'plone/app' is zipped.  Skipping.
[   71.71] packages: (While processing egg plone.app.redirector) Package 'plone' is zipped.  Skipping.
[   71.71] packages: (While processing egg plone.app.registry) Package 'plone/app' is zipped.  Skipping.
[   71.71] packages: (While processing egg plone.app.registry) Package 'plone' is zipped.  Skipping.
[   71.71] packages: (While processing egg plone.app.relationfield) Package 'plone/app' is zipped.  Skipping.
[   71.71] packages: (While processing egg plone.app.relationfield) Package 'plone' is zipped.  Skipping.
[   71.71] packages: (While processing egg plone.app.testing) Package 'plone/app' is zipped.  Skipping.
[   71.71] packages: (While processing egg plone.app.testing) Package 'plone' is zipped.  Skipping.
[   71.71] packages: (While processing egg plone.app.textfield) Package 'plone/app' is zipped.  Skipping.
[   71.71] packages: (While processing egg plone.app.textfield) Package 'plone' is zipped.  Skipping.
[   71.71] packages: (While processing egg plone.app.theming) Package 'plone/app' is zipped.  Skipping.
[   71.71] packages: (While processing egg plone.app.theming) Package 'plone' is zipped.  Skipping.
[   71.71] packages: (While processing egg plone.app.users) Package 'plone/app' is zipped.  Skipping.
[   71.71] packages: (While processing egg plone.app.users) Package 'plone' is zipped.  Skipping.
[   71.71] packages: (While processing egg plone.app.uuid) Package 'plone/app' is zipped.  Skipping.
[   71.71] packages: (While processing egg plone.app.uuid) Package 'plone' is zipped.  Skipping.
[   71.71] packages: (While processing egg plone.app.versioningbehavior) Package 'plone/app' is zipped.  Skipping.
[   71.71] packages: (While processing egg plone.app.versioningbehavior) Package 'plone' is zipped.  Skipping.
[   71.71] packages: (While processing egg plone.app.viewletmanager) Package 'plone/app' is zipped.  Skipping.
[   71.71] packages: (While processing egg plone.app.viewletmanager) Package 'plone' is zipped.  Skipping.
[   71.71] packages: (While processing egg plone.app.vocabularies) Package 'plone/app' is zipped.  Skipping.
[   71.71] packages: (While processing egg plone.app.vocabularies) Package 'plone' is zipped.  Skipping.
[   71.71] packages: (While processing egg plone.app.widgets) Package 'plone/app' is zipped.  Skipping.
[   71.71] packages: (While processing egg plone.app.widgets) Package 'plone' is zipped.  Skipping.
[   71.71] packages: (While processing egg plone.app.workflow) Package 'plone/app' is zipped.  Skipping.
[   71.71] packages: (While processing egg plone.app.workflow) Package 'plone' is zipped.  Skipping.
[   71.71] packages: (While processing egg plone.app.z3cform) Package 'plone/app' is zipped.  Skipping.
[   71.71] packages: (While processing egg plone.app.z3cform) Package 'plone' is zipped.  Skipping.
[   71.72] packages: (While processing egg plone.autoform) Package 'plone' is zipped.  Skipping.
[   71.72] packages: (While processing egg plone.batching) Package 'plone' is zipped.  Skipping.
[   71.72] packages: (While processing egg plone.behavior) Package 'plone' is zipped.  Skipping.
[   71.72] packages: (While processing egg plone.base) Package 'plone' is zipped.  Skipping.
[   71.72] packages: (While processing egg plone.browserlayer) Package 'plone' is zipped.  Skipping.
[   71.72] packages: (While processing egg plone.cachepurging) Package 'plone' is zipped.  Skipping.
[   71.72] packages: (While processing egg plone.caching) Package 'plone' is zipped.  Skipping.
[   71.72] packages: (While processing egg plone.classicui) Package 'plone' is zipped.  Skipping.
[   71.72] packages: (While processing egg plone.contentrules) Package 'plone' is zipped.  Skipping.
[   71.72] packages: (While processing egg plone.dexterity) Package 'plone' is zipped.  Skipping.
[   71.72] packages: (While processing egg plone.distribution) Package 'plone' is zipped.  Skipping.
[   71.72] packages: (While processing egg plone.event) Package 'plone' is zipped.  Skipping.
[   71.72] packages: (While processing egg plone.exportimport) Package 'plone' is zipped.  Skipping.
[   71.72] packages: (While processing egg plone.folder) Package 'plone' is zipped.  Skipping.
[   71.72] packages: (While processing egg plone.formwidget.namedfile) Package 'plone/formwidget' is zipped.  Skipping.
[   71.72] packages: (While processing egg plone.formwidget.namedfile) Package 'plone' is zipped.  Skipping.
[   71.72] packages: (While processing egg plone.i18n) Package 'plone' is zipped.  Skipping.
[   71.72] packages: (While processing egg plone.indexer) Package 'plone' is zipped.  Skipping.
[   71.72] packages: (While processing egg plone.intelligenttext) Package 'plone' is zipped.  Skipping.
[   71.72] packages: (While processing egg plone.keyring) Package 'plone' is zipped.  Skipping.
[   71.72] packages: (While processing egg plone.locking) Package 'plone' is zipped.  Skipping.
[   71.72] packages: (While processing egg plone.memoize) Package 'plone' is zipped.  Skipping.
[   71.72] packages: (While processing egg plone.namedfile) Package 'plone' is zipped.  Skipping.
[   71.72] packages: (While processing egg plone.outputfilters) Package 'plone' is zipped.  Skipping.
[   71.73] packages: (While processing egg plone.portlet.collection) Package 'plone/portlet' is zipped.  Skipping.
[   71.73] packages: (While processing egg plone.portlet.collection) Package 'plone' is zipped.  Skipping.
[   71.73] packages: (While processing egg plone.portlet.static) Package 'plone/portlet' is zipped.  Skipping.
[   71.73] packages: (While processing egg plone.portlet.static) Package 'plone' is zipped.  Skipping.
[   71.73] packages: (While processing egg plone.portlets) Package 'plone' is zipped.  Skipping.
[   71.73] packages: (While processing egg plone.protect) Package 'plone' is zipped.  Skipping.
[   71.73] packages: (While processing egg plone.registry) Package 'plone' is zipped.  Skipping.
[   71.73] packages: (While processing egg plone.resource) Package 'plone' is zipped.  Skipping.
[   71.73] packages: (While processing egg plone.resourceeditor) Package 'plone' is zipped.  Skipping.
[   71.73] packages: (While processing egg plone.rest) Package 'plone' is zipped.  Skipping.
[   71.73] packages: (While processing egg plone.rfc822) Package 'plone' is zipped.  Skipping.
[   71.73] packages: (While processing egg plone.scale) Package 'plone' is zipped.  Skipping.
[   71.73] packages: (While processing egg plone.schema) Package 'plone' is zipped.  Skipping.
[   71.73] packages: (While processing egg plone.schemaeditor) Package 'plone' is zipped.  Skipping.
[   71.73] packages: (While processing egg plone.session) Package 'plone' is zipped.  Skipping.
[   71.73] packages: (While processing egg plone.staticresources) Package 'plone' is zipped.  Skipping.
[   71.73] packages: (While processing egg plone.stringinterp) Package 'plone' is zipped.  Skipping.
[   71.73] packages: (While processing egg plone.subrequest) Package 'plone' is zipped.  Skipping.
[   71.73] packages: (While processing egg plone.supermodel) Package 'plone' is zipped.  Skipping.
[   71.73] packages: (While processing egg plone.testing) Package 'plone' is zipped.  Skipping.
[   71.73] packages: (While processing egg plone.theme) Package 'plone' is zipped.  Skipping.
[   71.73] packages: (While processing egg plone.transformchain) Package 'plone' is zipped.  Skipping.
[   71.73] packages: (While processing egg plone.uuid) Package 'plone' is zipped.  Skipping.
[   71.74] packages: (While processing egg plone.z3cform) Package 'plone' is zipped.  Skipping.
[   71.74] packages: (While processing egg Products.CMFDiffTool) Package 'Products' is zipped.  Skipping.
[   71.74] packages: (While processing egg Products.CMFDynamicViewFTI) Package 'Products' is zipped.  Skipping.
[   71.74] packages: (While processing egg Products.CMFEditions) Package 'Products' is zipped.  Skipping.
[   71.74] packages: (While processing egg Products.CMFUid) Package 'Products' is zipped.  Skipping.
[   71.74] packages: (While processing egg Products.DateRecurringIndex) Package 'Products' is zipped.  Skipping.
[   71.74] packages: (While processing egg Products.DCWorkflow) Package 'Products' is zipped.  Skipping.
[   71.74] packages: (While processing egg Products.ExtendedPathIndex) Package 'Products' is zipped.  Skipping.
[   71.74] packages: (While processing egg Products.GenericSetup) Package 'Products' is zipped.  Skipping.
[   71.74] packages: (While processing egg Products.isurlinportal) Package 'Products' is zipped.  Skipping.
[   71.74] packages: (While processing egg Products.MimetypesRegistry) Package 'Products' is zipped.  Skipping.
[   71.74] packages: (While processing egg Products.PlonePAS) Package 'Products' is zipped.  Skipping.
[   71.74] packages: (While processing egg Products.PluggableAuthService) Package 'Products' is zipped.  Skipping.
[   71.74] packages: (While processing egg Products.PluginRegistry) Package 'Products' is zipped.  Skipping.
[   71.74] packages: (While processing egg Products.PortalTransforms) Package 'Products' is zipped.  Skipping.
[   71.75] packages: (While processing egg Products.statusmessages) Package 'Products' is zipped.  Skipping.
[   71.75] packages: (While processing egg Products.ZopeVersionControl) Package 'Products' is zipped.  Skipping.
[   71.75] packages: (While processing egg Zope) Link already exists (<bench>/runs/bo-uv/eggs/v5/Zope-6.2-py3.13-macosx-26.6-arm64.egg/Products -> <bench>/runs/bo-uv/parts/packages/Products).  Skipping.
[   71.75] packages: (While processing egg zope.interface) Package 'zope' is zipped.  Skipping.
[   71.75] packages: (While processing egg Products.CMFCore) Package 'Products' is zipped.  Skipping.
[   71.75] packages: (While processing egg zope.structuredtext) Package 'zope' is zipped.  Skipping.
[   71.75] packages: (While processing egg Products.StandardCacheManagers) Package 'Products' is zipped.  Skipping.
[   71.75] packages: (While processing egg Products.Sessions) Package 'Products' is zipped.  Skipping.
[   71.76] packages: (While processing egg Products.BTreeFolder2) Package 'Products' is zipped.  Skipping.
[   71.76] packages: (While processing egg Products.ZCatalog) Package 'Products' is zipped.  Skipping.
[   71.76] packages: (While processing egg Products.PythonScripts) Package 'Products' is zipped.  Skipping.
[   71.76] packages: (While processing egg five.localsitemanager) Package 'five' is zipped.  Skipping.
[   71.76] packages: (While processing egg Products.ExternalMethod) Package 'Products' is zipped.  Skipping.
[   71.76] packages: (While processing egg zope.schema) Package 'zope' is zipped.  Skipping.
[   71.76] packages: (While processing egg zope.globalrequest) Package 'zope' is zipped.  Skipping.
[   71.76] packages: (While processing egg zope.intid) Package 'zope' is zipped.  Skipping.
[   71.76] packages: (While processing egg zope.i18nmessageid) Package 'zope' is zipped.  Skipping.
[   71.76] packages: (While processing egg zope.i18n) Package 'zope' is zipped.  Skipping.
[   71.76] packages: (While processing egg zope.deprecation) Package 'zope' is zipped.  Skipping.
[   71.76] packages: (While processing egg zope.deferredimport) Package 'zope' is zipped.  Skipping.
[   71.76] packages: (While processing egg zope.cachedescriptors) Package 'zope' is zipped.  Skipping.
[   71.76] packages: (While processing egg zope.app.locales) Package 'zope' is zipped.  Skipping.
[   71.77] packages: (While processing egg z3c.form) Package 'z3c' is zipped.  Skipping.
[   71.77] packages: (While processing egg z3c.caching) Package 'z3c' is zipped.  Skipping.
[   71.77] packages: (While processing egg Products.SiteErrorLog) Package 'Products' is zipped.  Skipping.
[   71.77] packages: (While processing egg plone.autoinclude) Package 'plone' is zipped.  Skipping.
[   71.77] packages: (While processing egg zope.component) Package 'zope' is zipped.  Skipping.
[   71.77] packages: (While processing egg zope.dottedname) Package 'zope' is zipped.  Skipping.
[   71.77] packages: (While processing egg zope.copy) Package 'zope' is zipped.  Skipping.
[   71.77] packages: (While processing egg zope.pagetemplate) Package 'zope' is zipped.  Skipping.
[   71.77] packages: (While processing egg zope.browserpage) Package 'zope' is zipped.  Skipping.
[   71.77] packages: (While processing egg zope.event) Package 'zope' is zipped.  Skipping.
[   71.77] packages: (While processing egg zope.configuration) Package 'zope' is zipped.  Skipping.
[   71.77] packages: (While processing egg zope.publisher) Package 'zope' is zipped.  Skipping.
[   71.77] packages: (While processing egg zope.lifecycleevent) Package 'zope' is zipped.  Skipping.
[   71.77] packages: (While processing egg zope.testbrowser) Package 'zope' is zipped.  Skipping.
[   71.78] packages: (While processing egg zope.testing) Package 'zope' is zipped.  Skipping.
[   71.78] packages: (While processing egg z3c.zcmlhook) Package 'z3c' is zipped.  Skipping.
[   71.78] packages: (While processing egg zope.security) Package 'zope' is zipped.  Skipping.
[   71.78] packages: (While processing egg zope.container) Package 'zope' is zipped.  Skipping.
[   71.78] packages: (While processing egg zope.location) Package 'zope' is zipped.  Skipping.
[   71.78] packages: (While processing egg zope.contentprovider) Package 'zope' is zipped.  Skipping.
[   71.78] packages: (While processing egg z3c.unconfigure) Package 'z3c' is zipped.  Skipping.
[   71.78] packages: (While processing egg zope.componentvocabulary) Package 'zope' is zipped.  Skipping.
[   71.78] packages: (While processing egg zope.traversing) Package 'zope' is zipped.  Skipping.
[   71.79] packages: (While processing egg z3c.formwidget.query) Package 'z3c' is zipped.  Skipping.
[   71.79] packages: (While processing egg zope.viewlet) Package 'zope' is zipped.  Skipping.
[   71.79] packages: (While processing egg Products.MailHost) Package 'Products' is zipped.  Skipping.
[   71.79] packages: (While processing egg z3c.objpath) Package 'z3c' is zipped.  Skipping.
[   71.79] packages: (While processing egg zope.browser) Package 'zope' is zipped.  Skipping.
[   71.79] packages: (While processing egg zope.browsermenu) Package 'zope' is zipped.  Skipping.
[   71.79] packages: (While processing egg zope.keyreference) Package 'zope' is zipped.  Skipping.
[   71.79] packages: (While processing egg plone.formwidget.recurrence) Package 'plone/formwidget' is zipped.  Skipping.
[   71.79] packages: (While processing egg plone.formwidget.recurrence) Package 'plone' is zipped.  Skipping.
[   71.79] packages: (While processing egg zope.filerepresentation) Package 'zope' is zipped.  Skipping.
[   71.79] packages: (While processing egg zope.tales) Package 'zope' is zipped.  Skipping.
[   71.79] packages: (While processing egg zope.tal) Package 'zope' is zipped.  Skipping.
[   71.79] packages: (While processing egg zope.size) Package 'zope' is zipped.  Skipping.
[   71.80] packages: (While processing egg zope.site) Package 'zope' is zipped.  Skipping.
[   71.80] packages: (While processing egg zope.sequencesort) Package 'zope' is zipped.  Skipping.
[   71.80] packages: (While processing egg zope.ptresource) Package 'zope' is zipped.  Skipping.
[   71.80] packages: (While processing egg zope.proxy) Package 'zope' is zipped.  Skipping.
[   71.80] packages: (While processing egg zope.processlifetime) Package 'zope' is zipped.  Skipping.
[   71.80] packages: (While processing egg zope.exceptions) Package 'zope' is zipped.  Skipping.
[   71.80] packages: (While processing egg zope.datetime) Package 'zope' is zipped.  Skipping.
[   71.80] packages: (While processing egg zope.contenttype) Package 'zope' is zipped.  Skipping.
[   71.80] packages: (While processing egg zope.browserresource) Package 'zope' is zipped.  Skipping.
[   71.80] packages: (While processing egg PasteDeploy) Package 'paste' is zipped.  Skipping.
[   71.80] packages: Warning: (While processing egg cffi) Package '_cffi_backend' not found.  Skipping.
[   71.81] packages: (While processing egg zope.hookable) Package 'zope' is zipped.  Skipping.
[   71.81] packages: Warning: (While processing egg charset-normalizer) Package 'ada92cb5d92a588d1b93__mypyc' not found.  Skipping.
[   71.82] packages: (While processing egg zope.sendmail) Package 'zope' is zipped.  Skipping.
[   71.93] packages: (While processing egg jaraco.context) Package 'jaraco' is zipped.  Skipping.
[   71.94] packages: (While processing egg jaraco.functools) Package 'jaraco' is zipped.  Skipping.
[   71.97] packages: (While processing egg zc-buildout) Link already exists (<bench>/runs/bo-uv/.venv/lib/python3.13/site-packages/zc -> <bench>/runs/bo-uv/parts/packages/zc).  Skipping.
[   71.98] Installing releaser.
[   72.04] Getting distribution for 'plone.releaser==3.1.1'.
[   72.04] Getting distribution for 'zest.pocompile==2.0.0'.
[   73.24] Got plone.releaser 3.1.1.
[   73.24] Got zest.pocompile 2.0.0.
[   73.24] Got argh 0.31.3.
[   73.24] Got configparser 7.2.0.
[   73.24] Got gitdb 4.0.12.
[   73.24] Got GitPython 3.1.61.
[   73.24] Got progress 1.6.1.
[   73.24] Got smmap 5.0.3.
[   73.36] Generated script '<bench>/runs/bo-uv/bin/manage'.
[   73.36] Generated script '<bench>/runs/bo-uv/bin/addchangelogentry'.
[   73.36] Generated script '<bench>/runs/bo-uv/bin/bumpversion'.
[   73.36] Generated script '<bench>/runs/bo-uv/bin/fullrelease'.
[   73.36] Generated script '<bench>/runs/bo-uv/bin/lasttagdiff'.
[   73.36] Generated script '<bench>/runs/bo-uv/bin/lasttaglog'.
[   73.36] Generated script '<bench>/runs/bo-uv/bin/longtest'.
[   73.36] Generated script '<bench>/runs/bo-uv/bin/postrelease'.
[   73.36] Generated script '<bench>/runs/bo-uv/bin/prerelease'.
[   73.36] Generated script '<bench>/runs/bo-uv/bin/release'.
[   73.36] Generated script '<bench>/runs/bo-uv/bin/pocompile'.
[   73.36] Generated script '<bench>/runs/bo-uv/bin/pyroma'.
[   73.36] Generated script '<bench>/runs/bo-uv/bin/pep440'.
[   73.36] Generated script '<bench>/runs/bo-uv/bin/check-manifest'.
[   73.36] Generated script '<bench>/runs/bo-uv/bin/twine'.
[   73.36] Generated script '<bench>/runs/bo-uv/bin/pyproject-build'.
[   73.36] Generated script '<bench>/runs/bo-uv/bin/trove-classifiers'.
[   73.36] Generated script '<bench>/runs/bo-uv/bin/pygmentize'.
[   73.36] Generated script '<bench>/runs/bo-uv/bin/docutils'.
[   73.36] Generated script '<bench>/runs/bo-uv/bin/rst2html'.
[   73.36] Generated script '<bench>/runs/bo-uv/bin/rst2html4'.
[   73.36] Generated script '<bench>/runs/bo-uv/bin/rst2html5'.
[   73.37] Generated script '<bench>/runs/bo-uv/bin/rst2latex'.
[   73.37] Generated script '<bench>/runs/bo-uv/bin/rst2man'.
[   73.37] Generated script '<bench>/runs/bo-uv/bin/rst2odt'.
[   73.37] Generated script '<bench>/runs/bo-uv/bin/rst2pseudoxml'.
[   73.37] Generated script '<bench>/runs/bo-uv/bin/rst2s5'.
[   73.37] Generated script '<bench>/runs/bo-uv/bin/rst2xetex'.
[   73.37] Generated script '<bench>/runs/bo-uv/bin/rst2xml'.
[   73.37] Generated script '<bench>/runs/bo-uv/bin/keyring'.
[   73.37] Generated script '<bench>/runs/bo-uv/bin/idna'.
[   73.37] Generated script '<bench>/runs/bo-uv/bin/normalizer'.
[   73.37] Generated script '<bench>/runs/bo-uv/bin/markdown-it'.
[   73.37] Generated script '<bench>/runs/bo-uv/bin/cffi-gen-src'.
[   73.37] Generated script '<bench>/runs/bo-uv/bin/towncrier'.
[   73.37] Generated script '<bench>/runs/bo-uv/bin/pip'.
[   73.37] Generated script '<bench>/runs/bo-uv/bin/pip3'.
[   73.37] Generated script '<bench>/runs/bo-uv/bin/wheel'.
[   73.37] Generated script '<bench>/runs/bo-uv/bin/buildout'.
[   73.37] Installing z3c_checkversions.
[   73.43] Getting distribution for 'z3c.checkversions[buildout]==3.0'.
[   74.34] Got z3c.checkversions 3.0.
[   74.39] Generated script '<bench>/runs/bo-uv/bin/checkversions'.
[   74.39] Installing ploneversioncheck.
[   74.45] Generated script '<bench>/runs/bo-uv/bin/versioncheck'.
[   74.45] Installing dependencies.
[   74.48] Getting distribution for 'z3c.dependencychecker==3.0'.
[   75.75] Got z3c.dependencychecker 3.0.
[   75.75] Got cached-property 2.0.1.
[   75.75] Got Deprecated 1.3.1.
[   75.75] Got entry-points-txt 0.3.0.
[   75.75] Got headerparser 0.5.2.
[   75.75] Got toml 0.10.2.
[   75.75] Got wheel-filename 2.1.0.
[   75.75] Got wheel-inspect 1.8.0.
[   75.88] Generated script '<bench>/runs/bo-uv/bin/dependencychecker'.
[   75.91] Installing zodbupdate.
[   76.48] Getting distribution for 'zodbupdate==3.0'.
[   77.39] Got zodbupdate 3.0.
[   77.46] Generated script '<bench>/runs/bo-uv/bin/zodbupdate'.
[   77.47] Generated script '<bench>/runs/bo-uv/bin/zodbverify'.
[   77.47] Installing vscode.
# exit 0 after 69.64s
